2026-09-25 04:32:10,285 [INFO] Ajan Orkestratörü: AstroEngine Otonom Ajan Ekibi Aktif Edildi. 7/24 Döngü Baþlatýlýyor...
2026-09-25 04:32:10,286 [INFO] Ajan Orkestratörü: Master Blueprint okundu. Görevler analiz ediliyor...
2026-09-25 04:32:10,286 [INFO] Ajan Orkestratörü: QA Ajaný testleri çalýþtýrýyor (pytest)...
2026-09-25 04:32:19,898 [WARNING] Ajan Orkestratörü: Testlerde hata tespit edildi. Self-Healing (Kendi kendini iyileþtirme) tetikleniyor...
2026-09-25 04:32:19,898 [ERROR] Ajan Orkestratörü: 
2026-09-25 04:32:19,899 [INFO] Ajan Orkestratörü: Ajanlar hatalarý yamalýyor ve kod tabanýný güncelliyor...
2026-09-25 04:35:08,356 [INFO] Ajan Orkestratörü: AstroEngine Sýralý Otonom Geliþtirme Hattý (Pipeline) Baþlatýldý...
2026-09-25 04:35:08,356 [INFO] Ajan Orkestratörü: --- Ýþlemde olan aþama: Faz 1: Swiss Ephemeris & Batý Astrolojisi ---
2026-09-25 04:35:13,356 [INFO] Ajan Orkestratörü: QA Ajaný modül testlerini çalýþtýrýyor (pytest)...
2026-09-25 04:35:16,013 [WARNING] Ajan Orkestratörü: Hata tespit edildi. Self-Healing mekanizmasý devreye giriyor...
2026-09-25 04:35:16,014 [ERROR] Ajan Orkestratörü: 
2026-09-25 04:35:16,014 [INFO] Ajan Orkestratörü: Ajanlar hatalarý gideriyor ve kodu güncelliyor...
2026-09-25 04:35:24,013 [INFO] Ajan Orkestratörü: --- Ýþlemde olan aþama: Faz 1: Swiss Ephemeris & Batý Astrolojisi ---
2026-09-25 04:35:29,013 [INFO] Ajan Orkestratörü: QA Ajaný modül testlerini çalýþtýrýyor (pytest)...
2026-09-25 04:35:31,733 [WARNING] Ajan Orkestratörü: Hata tespit edildi. Self-Healing mekanizmasý devreye giriyor...
2026-09-25 04:35:31,733 [ERROR] Ajan Orkestratörü: 
2026-09-25 04:35:31,733 [INFO] Ajan Orkestratörü: Ajanlar hatalarý gideriyor ve kodu güncelliyor...
2026-09-25 04:35:39,733 [INFO] Ajan Orkestratörü: --- Ýþlemde olan aþama: Faz 1: Swiss Ephemeris & Batý Astrolojisi ---
2026-09-25 04:35:44,733 [INFO] Ajan Orkestratörü: QA Ajaný modül testlerini çalýþtýrýyor (pytest)...
2026-09-25 04:35:47,844 [WARNING] Ajan Orkestratörü: Hata tespit edildi. Self-Healing mekanizmasý devreye giriyor...
2026-09-25 04:35:47,844 [ERROR] Ajan Orkestratörü: 
2026-09-25 04:35:47,844 [INFO] Ajan Orkestratörü: Ajanlar hatalarý gideriyor ve kodu güncelliyor...
2026-09-25 04:35:55,843 [INFO] Ajan Orkestratörü: --- Ýþlemde olan aþama: Faz 1: Swiss Ephemeris & Batý Astrolojisi ---
2026-09-25 04:36:00,844 [INFO] Ajan Orkestratörü: QA Ajaný modül testlerini çalýþtýrýyor (pytest)...
2026-09-25 04:36:03,645 [WARNING] Ajan Orkestratörü: Hata tespit edildi. Self-Healing mekanizmasý devreye giriyor...
2026-09-25 04:36:03,645 [ERROR] Ajan Orkestratörü: 
2026-09-25 04:36:03,645 [INFO] Ajan Orkestratörü: Ajanlar hatalarý gideriyor ve kodu güncelliyor...
2026-09-25 04:36:11,644 [INFO] Ajan Orkestratörü: --- Ýþlemde olan aþama: Faz 1: Swiss Ephemeris & Batý Astrolojisi ---
2026-09-25 04:36:16,645 [INFO] Ajan Orkestratörü: QA Ajaný modül testlerini çalýþtýrýyor (pytest)...
2026-09-25 04:36:19,220 [WARNING] Ajan Orkestratörü: Hata tespit edildi. Self-Healing mekanizmasý devreye giriyor...
2026-09-25 04:36:19,220 [ERROR] Ajan Orkestratörü: 
2026-09-25 04:36:19,220 [INFO] Ajan Orkestratörü: Ajanlar hatalarý gideriyor ve kodu güncelliyor...
2026-09-25 04:36:27,219 [INFO] Ajan Orkestratörü: --- Ýþlemde olan aþama: Faz 1: Swiss Ephemeris & Batý Astrolojisi ---
2026-09-25 04:36:32,220 [INFO] Ajan Orkestratörü: QA Ajaný modül testlerini çalýþtýrýyor (pytest)...
2026-09-25 04:36:34,682 [WARNING] Ajan Orkestratörü: Hata tespit edildi. Self-Healing mekanizmasý devreye giriyor...
2026-09-25 04:36:34,682 [ERROR] Ajan Orkestratörü: 
2026-09-25 04:36:34,683 [INFO] Ajan Orkestratörü: Ajanlar hatalarý gideriyor ve kodu güncelliyor...
2026-09-25 04:36:42,682 [INFO] Ajan Orkestratörü: --- Ýþlemde olan aþama: Faz 1: Swiss Ephemeris & Batý Astrolojisi ---
2026-09-25 04:36:47,681 [INFO] Ajan Orkestratörü: QA Ajaný modül testlerini çalýþtýrýyor (pytest)...
2026-09-25 04:36:50,296 [WARNING] Ajan Orkestratörü: Hata tespit edildi. Self-Healing mekanizmasý devreye giriyor...
2026-09-25 04:36:50,296 [ERROR] Ajan Orkestratörü: 
2026-09-25 04:36:50,296 [INFO] Ajan Orkestratörü: Ajanlar hatalarý gideriyor ve kodu güncelliyor...
2026-09-25 04:36:58,295 [INFO] Ajan Orkestratörü: --- Ýþlemde olan aþama: Faz 1: Swiss Ephemeris & Batý Astrolojisi ---
2026-09-25 04:37:03,296 [INFO] Ajan Orkestratörü: QA Ajaný modül testlerini çalýþtýrýyor (pytest)...
2026-09-25 04:37:05,741 [WARNING] Ajan Orkestratörü: Hata tespit edildi. Self-Healing mekanizmasý devreye giriyor...
2026-09-25 04:37:05,741 [ERROR] Ajan Orkestratörü: 
2026-09-25 04:37:05,741 [INFO] Ajan Orkestratörü: Ajanlar hatalarý gideriyor ve kodu güncelliyor...
2026-09-25 04:37:13,741 [INFO] Ajan Orkestratörü: --- Ýþlemde olan aþama: Faz 1: Swiss Ephemeris & Batý Astrolojisi ---
2026-09-25 04:37:18,741 [INFO] Ajan Orkestratörü: QA Ajaný modül testlerini çalýþtýrýyor (pytest)...
2026-09-25 04:37:21,214 [WARNING] Ajan Orkestratörü: Hata tespit edildi. Self-Healing mekanizmasý devreye giriyor...
2026-09-25 04:37:21,214 [ERROR] Ajan Orkestratörü: 
2026-09-25 04:37:21,214 [INFO] Ajan Orkestratörü: Ajanlar hatalarý gideriyor ve kodu güncelliyor...
2026-09-25 04:37:29,213 [INFO] Ajan Orkestratörü: --- Ýþlemde olan aþama: Faz 1: Swiss Ephemeris & Batý Astrolojisi ---
2026-09-25 04:37:34,213 [INFO] Ajan Orkestratörü: QA Ajaný modül testlerini çalýþtýrýyor (pytest)...
2026-09-25 04:37:36,742 [WARNING] Ajan Orkestratörü: Hata tespit edildi. Self-Healing mekanizmasý devreye giriyor...
2026-09-25 04:37:36,742 [ERROR] Ajan Orkestratörü: 
2026-09-25 04:37:36,743 [INFO] Ajan Orkestratörü: Ajanlar hatalarý gideriyor ve kodu güncelliyor...
2026-09-25 04:37:44,742 [INFO] Ajan Orkestratörü: --- Ýþlemde olan aþama: Faz 1: Swiss Ephemeris & Batý Astrolojisi ---
2026-09-25 04:37:49,742 [INFO] Ajan Orkestratörü: QA Ajaný modül testlerini çalýþtýrýyor (pytest)...
2026-09-25 04:37:52,235 [WARNING] Ajan Orkestratörü: Hata tespit edildi. Self-Healing mekanizmasý devreye giriyor...
2026-09-25 04:37:52,235 [ERROR] Ajan Orkestratörü: 
2026-09-25 04:37:52,236 [INFO] Ajan Orkestratörü: Ajanlar hatalarý gideriyor ve kodu güncelliyor...
2026-09-25 04:38:00,235 [INFO] Ajan Orkestratörü: --- Ýþlemde olan aþama: Faz 1: Swiss Ephemeris & Batý Astrolojisi ---
2026-09-25 04:38:05,235 [INFO] Ajan Orkestratörü: QA Ajaný modül testlerini çalýþtýrýyor (pytest)...
2026-09-25 04:38:07,755 [WARNING] Ajan Orkestratörü: Hata tespit edildi. Self-Healing mekanizmasý devreye giriyor...
2026-09-25 04:38:07,756 [ERROR] Ajan Orkestratörü: 
2026-09-25 04:38:07,756 [INFO] Ajan Orkestratörü: Ajanlar hatalarý gideriyor ve kodu güncelliyor...
2026-09-25 04:38:15,755 [INFO] Ajan Orkestratörü: --- Ýþlemde olan aþama: Faz 1: Swiss Ephemeris & Batý Astrolojisi ---
2026-09-25 04:38:20,755 [INFO] Ajan Orkestratörü: QA Ajaný modül testlerini çalýþtýrýyor (pytest)...
2026-09-25 04:38:23,341 [WARNING] Ajan Orkestratörü: Hata tespit edildi. Self-Healing mekanizmasý devreye giriyor...
2026-09-25 04:38:23,341 [ERROR] Ajan Orkestratörü: 
2026-09-25 04:38:23,341 [INFO] Ajan Orkestratörü: Ajanlar hatalarý gideriyor ve kodu güncelliyor...
2026-09-25 04:38:31,340 [INFO] Ajan Orkestratörü: --- Ýþlemde olan aþama: Faz 1: Swiss Ephemeris & Batý Astrolojisi ---
2026-09-25 04:38:36,341 [INFO] Ajan Orkestratörü: QA Ajaný modül testlerini çalýþtýrýyor (pytest)...
2026-09-25 04:38:38,879 [WARNING] Ajan Orkestratörü: Hata tespit edildi. Self-Healing mekanizmasý devreye giriyor...
2026-09-25 04:38:38,879 [ERROR] Ajan Orkestratörü: 
2026-09-25 04:38:38,879 [INFO] Ajan Orkestratörü: Ajanlar hatalarý gideriyor ve kodu güncelliyor...
2026-09-25 04:38:46,878 [INFO] Ajan Orkestratörü: --- Ýþlemde olan aþama: Faz 1: Swiss Ephemeris & Batý Astrolojisi ---
2026-09-25 04:38:51,878 [INFO] Ajan Orkestratörü: QA Ajaný modül testlerini çalýþtýrýyor (pytest)...
2026-09-25 04:38:54,348 [WARNING] Ajan Orkestratörü: Hata tespit edildi. Self-Healing mekanizmasý devreye giriyor...
2026-09-25 04:38:54,349 [ERROR] Ajan Orkestratörü: 
2026-09-25 04:38:54,349 [INFO] Ajan Orkestratörü: Ajanlar hatalarý gideriyor ve kodu güncelliyor...
2026-09-25 04:39:02,348 [INFO] Ajan Orkestratörü: --- Ýþlemde olan aþama: Faz 1: Swiss Ephemeris & Batý Astrolojisi ---
2026-09-25 04:39:07,348 [INFO] Ajan Orkestratörü: QA Ajaný modül testlerini çalýþtýrýyor (pytest)...
2026-09-25 04:39:09,840 [WARNING] Ajan Orkestratörü: Hata tespit edildi. Self-Healing mekanizmasý devreye giriyor...
2026-09-25 04:39:09,841 [ERROR] Ajan Orkestratörü: 
2026-09-25 04:39:09,841 [INFO] Ajan Orkestratörü: Ajanlar hatalarý gideriyor ve kodu güncelliyor...
2026-09-25 04:39:17,840 [INFO] Ajan Orkestratörü: --- Ýþlemde olan aþama: Faz 1: Swiss Ephemeris & Batý Astrolojisi ---
2026-09-25 04:39:22,840 [INFO] Ajan Orkestratörü: QA Ajaný modül testlerini çalýþtýrýyor (pytest)...
2026-09-25 04:39:25,611 [WARNING] Ajan Orkestratörü: Hata tespit edildi. Self-Healing mekanizmasý devreye giriyor...
2026-09-25 04:39:25,612 [ERROR] Ajan Orkestratörü: 
2026-09-25 04:39:25,612 [INFO] Ajan Orkestratörü: Ajanlar hatalarý gideriyor ve kodu güncelliyor...
2026-09-25 04:39:33,611 [INFO] Ajan Orkestratörü: --- Ýþlemde olan aþama: Faz 1: Swiss Ephemeris & Batý Astrolojisi ---
2026-09-25 04:39:38,611 [INFO] Ajan Orkestratörü: QA Ajaný modül testlerini çalýþtýrýyor (pytest)...
2026-09-25 04:39:41,137 [WARNING] Ajan Orkestratörü: Hata tespit edildi. Self-Healing mekanizmasý devreye giriyor...
2026-09-25 04:39:41,137 [ERROR] Ajan Orkestratörü: 
2026-09-25 04:39:41,137 [INFO] Ajan Orkestratörü: Ajanlar hatalarý gideriyor ve kodu güncelliyor...
2026-09-25 04:39:49,137 [INFO] Ajan Orkestratörü: --- Ýþlemde olan aþama: Faz 1: Swiss Ephemeris & Batý Astrolojisi ---
2026-09-25 04:39:54,137 [INFO] Ajan Orkestratörü: QA Ajaný modül testlerini çalýþtýrýyor (pytest)...
2026-09-25 04:39:56,565 [WARNING] Ajan Orkestratörü: Hata tespit edildi. Self-Healing mekanizmasý devreye giriyor...
2026-09-25 04:39:56,565 [ERROR] Ajan Orkestratörü: 
2026-09-25 04:39:56,565 [INFO] Ajan Orkestratörü: Ajanlar hatalarý gideriyor ve kodu güncelliyor...
2026-09-25 04:40:04,565 [INFO] Ajan Orkestratörü: --- Ýþlemde olan aþama: Faz 1: Swiss Ephemeris & Batý Astrolojisi ---
2026-09-25 04:40:09,565 [INFO] Ajan Orkestratörü: QA Ajaný modül testlerini çalýþtýrýyor (pytest)...
2026-09-25 04:40:12,011 [WARNING] Ajan Orkestratörü: Hata tespit edildi. Self-Healing mekanizmasý devreye giriyor...
2026-09-25 04:40:12,011 [ERROR] Ajan Orkestratörü: 
2026-09-25 04:40:12,011 [INFO] Ajan Orkestratörü: Ajanlar hatalarý gideriyor ve kodu güncelliyor...
2026-09-25 04:40:20,011 [INFO] Ajan Orkestratörü: --- Ýþlemde olan aþama: Faz 1: Swiss Ephemeris & Batý Astrolojisi ---
2026-09-25 04:40:25,011 [INFO] Ajan Orkestratörü: QA Ajaný modül testlerini çalýþtýrýyor (pytest)...
2026-09-25 04:40:27,769 [WARNING] Ajan Orkestratörü: Hata tespit edildi. Self-Healing mekanizmasý devreye giriyor...
2026-09-25 04:40:27,769 [ERROR] Ajan Orkestratörü: 
2026-09-25 04:40:27,769 [INFO] Ajan Orkestratörü: Ajanlar hatalarý gideriyor ve kodu güncelliyor...
2026-09-25 04:40:32,144 [INFO] Ajan Orkestratörü: AstroEngine Sýralý Otonom Geliþtirme Hattý (Pipeline) Baþlatýldý...
2026-09-25 04:40:32,145 [INFO] Ajan Orkestratörü: --- Ýþlemde olan aþama: Faz 1: Swiss Ephemeris & Batý Astrolojisi ---
2026-09-25 04:40:37,145 [INFO] Ajan Orkestratörü: QA Ajaný modül testlerini çalýþtýrýyor (pytest)...
2026-09-25 04:40:39,754 [WARNING] Ajan Orkestratörü: Hata tespit edildi. Self-Healing mekanizmasý devreye giriyor...
2026-09-25 04:40:39,754 [ERROR] Ajan Orkestratörü: 
2026-09-25 04:40:39,755 [INFO] Ajan Orkestratörü: Ajanlar hatalarý gideriyor ve kodu güncelliyor...
2026-09-25 04:40:47,754 [INFO] Ajan Orkestratörü: --- Ýþlemde olan aþama: Faz 1: Swiss Ephemeris & Batý Astrolojisi ---
2026-09-25 04:40:52,755 [INFO] Ajan Orkestratörü: QA Ajaný modül testlerini çalýþtýrýyor (pytest)...
2026-09-25 04:40:55,228 [WARNING] Ajan Orkestratörü: Hata tespit edildi. Self-Healing mekanizmasý devreye giriyor...
2026-09-25 04:40:55,228 [ERROR] Ajan Orkestratörü: 
2026-09-25 04:40:55,228 [INFO] Ajan Orkestratörü: Ajanlar hatalarý gideriyor ve kodu güncelliyor...
2026-09-25 04:41:03,228 [INFO] Ajan Orkestratörü: --- Ýþlemde olan aþama: Faz 1: Swiss Ephemeris & Batý Astrolojisi ---
2026-09-25 04:41:08,229 [INFO] Ajan Orkestratörü: QA Ajaný modül testlerini çalýþtýrýyor (pytest)...
2026-09-25 04:41:10,876 [WARNING] Ajan Orkestratörü: Hata tespit edildi. Self-Healing mekanizmasý devreye giriyor...
2026-09-25 04:41:10,876 [ERROR] Ajan Orkestratörü: 
2026-09-25 04:41:10,877 [INFO] Ajan Orkestratörü: Ajanlar hatalarý gideriyor ve kodu güncelliyor...
2026-09-25 04:41:18,876 [INFO] Ajan Orkestratörü: --- Ýþlemde olan aþama: Faz 1: Swiss Ephemeris & Batý Astrolojisi ---
2026-09-25 04:41:23,876 [INFO] Ajan Orkestratörü: QA Ajaný modül testlerini çalýþtýrýyor (pytest)...
2026-09-25 04:41:26,483 [WARNING] Ajan Orkestratörü: Hata tespit edildi. Self-Healing mekanizmasý devreye giriyor...
2026-09-25 04:41:26,484 [ERROR] Ajan Orkestratörü: 
2026-09-25 04:41:26,484 [INFO] Ajan Orkestratörü: Ajanlar hatalarý gideriyor ve kodu güncelliyor...
2026-09-25 04:41:34,483 [INFO] Ajan Orkestratörü: --- Ýþlemde olan aþama: Faz 1: Swiss Ephemeris & Batý Astrolojisi ---
2026-09-25 04:41:39,483 [INFO] Ajan Orkestratörü: QA Ajaný modül testlerini çalýþtýrýyor (pytest)...
2026-09-25 04:41:41,982 [WARNING] Ajan Orkestratörü: Hata tespit edildi. Self-Healing mekanizmasý devreye giriyor...
2026-09-25 04:41:41,982 [ERROR] Ajan Orkestratörü: 
2026-09-25 04:41:41,982 [INFO] Ajan Orkestratörü: Ajanlar hatalarý gideriyor ve kodu güncelliyor...
2026-09-25 04:41:49,982 [INFO] Ajan Orkestratörü: --- Ýþlemde olan aþama: Faz 1: Swiss Ephemeris & Batý Astrolojisi ---
2026-09-25 04:41:54,982 [INFO] Ajan Orkestratörü: QA Ajaný modül testlerini çalýþtýrýyor (pytest)...
2026-09-25 04:41:57,483 [WARNING] Ajan Orkestratörü: Hata tespit edildi. Self-Healing mekanizmasý devreye giriyor...
2026-09-25 04:41:57,483 [ERROR] Ajan Orkestratörü: 
2026-09-25 04:41:57,483 [INFO] Ajan Orkestratörü: Ajanlar hatalarý gideriyor ve kodu güncelliyor...
2026-09-25 04:42:05,483 [INFO] Ajan Orkestratörü: --- Ýþlemde olan aþama: Faz 1: Swiss Ephemeris & Batý Astrolojisi ---
2026-09-25 04:42:10,483 [INFO] Ajan Orkestratörü: QA Ajaný modül testlerini çalýþtýrýyor (pytest)...
2026-09-25 04:42:12,950 [WARNING] Ajan Orkestratörü: Hata tespit edildi. Self-Healing mekanizmasý devreye giriyor...
2026-09-25 04:42:12,950 [ERROR] Ajan Orkestratörü: 
2026-09-25 04:42:12,950 [INFO] Ajan Orkestratörü: Ajanlar hatalarý gideriyor ve kodu güncelliyor...
2026-09-25 04:42:20,950 [INFO] Ajan Orkestratörü: --- Ýþlemde olan aþama: Faz 1: Swiss Ephemeris & Batý Astrolojisi ---
2026-09-25 04:42:25,950 [INFO] Ajan Orkestratörü: QA Ajaný modül testlerini çalýþtýrýyor (pytest)...
2026-09-25 04:42:28,568 [WARNING] Ajan Orkestratörü: Hata tespit edildi. Self-Healing mekanizmasý devreye giriyor...
2026-09-25 04:42:28,569 [ERROR] Ajan Orkestratörü: 
2026-09-25 04:42:28,569 [INFO] Ajan Orkestratörü: Ajanlar hatalarý gideriyor ve kodu güncelliyor...
2026-09-25 04:42:36,568 [INFO] Ajan Orkestratörü: --- Ýþlemde olan aþama: Faz 1: Swiss Ephemeris & Batý Astrolojisi ---
2026-09-25 04:42:41,568 [INFO] Ajan Orkestratörü: QA Ajaný modül testlerini çalýþtýrýyor (pytest)...
2026-09-25 04:42:44,043 [WARNING] Ajan Orkestratörü: Hata tespit edildi. Self-Healing mekanizmasý devreye giriyor...
2026-09-25 04:42:44,043 [ERROR] Ajan Orkestratörü: 
2026-09-25 04:42:44,043 [INFO] Ajan Orkestratörü: Ajanlar hatalarý gideriyor ve kodu güncelliyor...
2026-09-25 04:42:52,043 [INFO] Ajan Orkestratörü: --- Ýþlemde olan aþama: Faz 1: Swiss Ephemeris & Batý Astrolojisi ---
2026-09-25 04:42:57,044 [INFO] Ajan Orkestratörü: QA Ajaný modül testlerini çalýþtýrýyor (pytest)...
2026-09-25 04:42:59,526 [WARNING] Ajan Orkestratörü: Hata tespit edildi. Self-Healing mekanizmasý devreye giriyor...
2026-09-25 04:42:59,526 [ERROR] Ajan Orkestratörü: 
2026-09-25 04:42:59,526 [INFO] Ajan Orkestratörü: Ajanlar hatalarý gideriyor ve kodu güncelliyor...
2026-09-25 04:43:07,526 [INFO] Ajan Orkestratörü: --- Ýþlemde olan aþama: Faz 1: Swiss Ephemeris & Batý Astrolojisi ---
2026-09-25 04:43:12,526 [INFO] Ajan Orkestratörü: QA Ajaný modül testlerini çalýþtýrýyor (pytest)...
2026-09-25 04:43:15,047 [WARNING] Ajan Orkestratörü: Hata tespit edildi. Self-Healing mekanizmasý devreye giriyor...
2026-09-25 04:43:15,047 [ERROR] Ajan Orkestratörü: 
2026-09-25 04:43:15,047 [INFO] Ajan Orkestratörü: Ajanlar hatalarý gideriyor ve kodu güncelliyor...
2026-09-25 04:43:23,047 [INFO] Ajan Orkestratörü: --- Ýþlemde olan aþama: Faz 1: Swiss Ephemeris & Batý Astrolojisi ---
2026-09-25 04:43:28,047 [INFO] Ajan Orkestratörü: QA Ajaný modül testlerini çalýþtýrýyor (pytest)...
2026-09-25 04:43:30,604 [WARNING] Ajan Orkestratörü: Hata tespit edildi. Self-Healing mekanizmasý devreye giriyor...
2026-09-25 04:43:30,604 [ERROR] Ajan Orkestratörü: 
2026-09-25 04:43:30,605 [INFO] Ajan Orkestratörü: Ajanlar hatalarý gideriyor ve kodu güncelliyor...
2026-09-25 04:43:38,604 [INFO] Ajan Orkestratörü: --- Ýþlemde olan aþama: Faz 1: Swiss Ephemeris & Batý Astrolojisi ---
2026-09-25 04:43:43,605 [INFO] Ajan Orkestratörü: QA Ajaný modül testlerini çalýþtýrýyor (pytest)...
2026-09-25 04:43:46,115 [WARNING] Ajan Orkestratörü: Hata tespit edildi. Self-Healing mekanizmasý devreye giriyor...
2026-09-25 04:43:46,115 [ERROR] Ajan Orkestratörü: 
2026-09-25 04:43:46,115 [INFO] Ajan Orkestratörü: Ajanlar hatalarý gideriyor ve kodu güncelliyor...
2026-09-25 04:43:54,115 [INFO] Ajan Orkestratörü: --- Ýþlemde olan aþama: Faz 1: Swiss Ephemeris & Batý Astrolojisi ---
2026-09-25 04:43:59,114 [INFO] Ajan Orkestratörü: QA Ajaný modül testlerini çalýþtýrýyor (pytest)...
2026-09-25 04:44:01,738 [WARNING] Ajan Orkestratörü: Hata tespit edildi. Self-Healing mekanizmasý devreye giriyor...
2026-09-25 04:44:01,738 [ERROR] Ajan Orkestratörü: 
2026-09-25 04:44:01,738 [INFO] Ajan Orkestratörü: Ajanlar hatalarý gideriyor ve kodu güncelliyor...
2026-09-25 04:44:09,738 [INFO] Ajan Orkestratörü: --- Ýþlemde olan aþama: Faz 1: Swiss Ephemeris & Batý Astrolojisi ---
2026-09-25 04:44:14,738 [INFO] Ajan Orkestratörü: QA Ajaný modül testlerini çalýþtýrýyor (pytest)...
2026-09-25 04:44:17,201 [WARNING] Ajan Orkestratörü: Hata tespit edildi. Self-Healing mekanizmasý devreye giriyor...
2026-09-25 04:44:17,202 [ERROR] Ajan Orkestratörü: 
2026-09-25 04:44:17,202 [INFO] Ajan Orkestratörü: Ajanlar hatalarý gideriyor ve kodu güncelliyor...
2026-09-25 04:44:25,201 [INFO] Ajan Orkestratörü: --- Ýþlemde olan aþama: Faz 1: Swiss Ephemeris & Batý Astrolojisi ---
2026-09-25 04:44:30,202 [INFO] Ajan Orkestratörü: QA Ajaný modül testlerini çalýþtýrýyor (pytest)...
2026-09-25 04:44:32,681 [WARNING] Ajan Orkestratörü: Hata tespit edildi. Self-Healing mekanizmasý devreye giriyor...
2026-09-25 04:44:32,681 [ERROR] Ajan Orkestratörü: 
2026-09-25 04:44:32,682 [INFO] Ajan Orkestratörü: Ajanlar hatalarý gideriyor ve kodu güncelliyor...
2026-09-25 04:44:40,681 [INFO] Ajan Orkestratörü: --- Ýþlemde olan aþama: Faz 1: Swiss Ephemeris & Batý Astrolojisi ---
2026-09-25 04:44:45,681 [INFO] Ajan Orkestratörü: QA Ajaný modül testlerini çalýþtýrýyor (pytest)...
2026-09-25 04:44:48,250 [WARNING] Ajan Orkestratörü: Hata tespit edildi. Self-Healing mekanizmasý devreye giriyor...
2026-09-25 04:44:48,250 [ERROR] Ajan Orkestratörü: 
2026-09-25 04:44:48,250 [INFO] Ajan Orkestratörü: Ajanlar hatalarý gideriyor ve kodu güncelliyor...
2026-09-25 04:44:56,250 [INFO] Ajan Orkestratörü: --- Ýþlemde olan aþama: Faz 1: Swiss Ephemeris & Batý Astrolojisi ---
2026-09-25 04:45:01,250 [INFO] Ajan Orkestratörü: QA Ajaný modül testlerini çalýþtýrýyor (pytest)...
2026-09-25 04:45:03,792 [WARNING] Ajan Orkestratörü: Hata tespit edildi. Self-Healing mekanizmasý devreye giriyor...
2026-09-25 04:45:03,793 [ERROR] Ajan Orkestratörü: 
2026-09-25 04:45:03,793 [INFO] Ajan Orkestratörü: Ajanlar hatalarý gideriyor ve kodu güncelliyor...
2026-09-25 04:45:11,792 [INFO] Ajan Orkestratörü: --- Ýþlemde olan aþama: Faz 1: Swiss Ephemeris & Batý Astrolojisi ---
2026-09-25 04:45:16,792 [INFO] Ajan Orkestratörü: QA Ajaný modül testlerini çalýþtýrýyor (pytest)...
2026-09-25 04:45:19,339 [WARNING] Ajan Orkestratörü: Hata tespit edildi. Self-Healing mekanizmasý devreye giriyor...
2026-09-25 04:45:19,340 [ERROR] Ajan Orkestratörü: 
2026-09-25 04:45:19,340 [INFO] Ajan Orkestratörü: Ajanlar hatalarý gideriyor ve kodu güncelliyor...
2026-09-25 04:45:27,339 [INFO] Ajan Orkestratörü: --- Ýþlemde olan aþama: Faz 1: Swiss Ephemeris & Batý Astrolojisi ---
2026-09-25 04:45:32,340 [INFO] Ajan Orkestratörü: QA Ajaný modül testlerini çalýþtýrýyor (pytest)...
2026-09-25 04:45:34,798 [WARNING] Ajan Orkestratörü: Hata tespit edildi. Self-Healing mekanizmasý devreye giriyor...
2026-09-25 04:45:34,798 [ERROR] Ajan Orkestratörü: 
2026-09-25 04:45:34,798 [INFO] Ajan Orkestratörü: Ajanlar hatalarý gideriyor ve kodu güncelliyor...
2026-09-25 04:45:42,798 [INFO] Ajan Orkestratörü: --- Ýþlemde olan aþama: Faz 1: Swiss Ephemeris & Batý Astrolojisi ---
2026-09-25 04:45:47,798 [INFO] Ajan Orkestratörü: QA Ajaný modül testlerini çalýþtýrýyor (pytest)...
2026-09-25 04:45:50,287 [WARNING] Ajan Orkestratörü: Hata tespit edildi. Self-Healing mekanizmasý devreye giriyor...
2026-09-25 04:45:50,287 [ERROR] Ajan Orkestratörü: 
2026-09-25 04:45:50,288 [INFO] Ajan Orkestratörü: Ajanlar hatalarý gideriyor ve kodu güncelliyor...
2026-09-25 04:45:58,287 [INFO] Ajan Orkestratörü: --- Ýþlemde olan aþama: Faz 1: Swiss Ephemeris & Batý Astrolojisi ---
2026-09-25 04:46:03,287 [INFO] Ajan Orkestratörü: QA Ajaný modül testlerini çalýþtýrýyor (pytest)...
2026-09-25 04:46:05,806 [WARNING] Ajan Orkestratörü: Hata tespit edildi. Self-Healing mekanizmasý devreye giriyor...
2026-09-25 04:46:05,806 [ERROR] Ajan Orkestratörü: 
2026-09-25 04:46:05,806 [INFO] Ajan Orkestratörü: Ajanlar hatalarý gideriyor ve kodu güncelliyor...
2026-09-25 04:46:13,806 [INFO] Ajan Orkestratörü: --- Ýþlemde olan aþama: Faz 1: Swiss Ephemeris & Batý Astrolojisi ---
2026-09-25 04:46:18,806 [INFO] Ajan Orkestratörü: QA Ajaný modül testlerini çalýþtýrýyor (pytest)...
2026-09-25 04:46:21,262 [WARNING] Ajan Orkestratörü: Hata tespit edildi. Self-Healing mekanizmasý devreye giriyor...
2026-09-25 04:46:21,263 [ERROR] Ajan Orkestratörü: 
2026-09-25 04:46:21,263 [INFO] Ajan Orkestratörü: Ajanlar hatalarý gideriyor ve kodu güncelliyor...
2026-09-25 04:46:29,262 [INFO] Ajan Orkestratörü: --- Ýþlemde olan aþama: Faz 1: Swiss Ephemeris & Batý Astrolojisi ---
2026-09-25 04:46:34,262 [INFO] Ajan Orkestratörü: QA Ajaný modül testlerini çalýþtýrýyor (pytest)...
2026-09-25 04:46:36,700 [WARNING] Ajan Orkestratörü: Hata tespit edildi. Self-Healing mekanizmasý devreye giriyor...
2026-09-25 04:46:36,700 [ERROR] Ajan Orkestratörü: 
2026-09-25 04:46:36,700 [INFO] Ajan Orkestratörü: Ajanlar hatalarý gideriyor ve kodu güncelliyor...
2026-09-25 04:46:44,700 [INFO] Ajan Orkestratörü: --- Ýþlemde olan aþama: Faz 1: Swiss Ephemeris & Batý Astrolojisi ---
2026-09-25 04:46:49,700 [INFO] Ajan Orkestratörü: QA Ajaný modül testlerini çalýþtýrýyor (pytest)...
2026-09-25 04:46:52,397 [WARNING] Ajan Orkestratörü: Hata tespit edildi. Self-Healing mekanizmasý devreye giriyor...
2026-09-25 04:46:52,398 [ERROR] Ajan Orkestratörü: 
2026-09-25 04:46:52,398 [INFO] Ajan Orkestratörü: Ajanlar hatalarý gideriyor ve kodu güncelliyor...
2026-09-25 04:47:00,398 [INFO] Ajan Orkestratörü: --- Ýþlemde olan aþama: Faz 1: Swiss Ephemeris & Batý Astrolojisi ---
2026-09-25 04:47:05,398 [INFO] Ajan Orkestratörü: QA Ajaný modül testlerini çalýþtýrýyor (pytest)...
2026-09-25 04:47:07,995 [WARNING] Ajan Orkestratörü: Hata tespit edildi. Self-Healing mekanizmasý devreye giriyor...
2026-09-25 04:47:07,995 [ERROR] Ajan Orkestratörü: 
2026-09-25 04:47:07,995 [INFO] Ajan Orkestratörü: Ajanlar hatalarý gideriyor ve kodu güncelliyor...
2026-09-25 04:47:15,994 [INFO] Ajan Orkestratörü: --- Ýþlemde olan aþama: Faz 1: Swiss Ephemeris & Batý Astrolojisi ---
2026-09-25 04:47:20,995 [INFO] Ajan Orkestratörü: QA Ajaný modül testlerini çalýþtýrýyor (pytest)...
2026-09-25 04:47:23,646 [WARNING] Ajan Orkestratörü: Hata tespit edildi. Self-Healing mekanizmasý devreye giriyor...
2026-09-25 04:47:23,647 [ERROR] Ajan Orkestratörü: 
2026-09-25 04:47:23,647 [INFO] Ajan Orkestratörü: Ajanlar hatalarý gideriyor ve kodu güncelliyor...
2026-09-25 04:47:31,647 [INFO] Ajan Orkestratörü: --- Ýþlemde olan aþama: Faz 1: Swiss Ephemeris & Batý Astrolojisi ---
2026-09-25 04:47:36,647 [INFO] Ajan Orkestratörü: QA Ajaný modül testlerini çalýþtýrýyor (pytest)...
2026-09-25 04:47:39,153 [WARNING] Ajan Orkestratörü: Hata tespit edildi. Self-Healing mekanizmasý devreye giriyor...
2026-09-25 04:47:39,154 [ERROR] Ajan Orkestratörü: 
2026-09-25 04:47:39,154 [INFO] Ajan Orkestratörü: Ajanlar hatalarý gideriyor ve kodu güncelliyor...
2026-09-25 04:47:47,154 [INFO] Ajan Orkestratörü: --- Ýþlemde olan aþama: Faz 1: Swiss Ephemeris & Batý Astrolojisi ---
2026-09-25 04:47:52,155 [INFO] Ajan Orkestratörü: QA Ajaný modül testlerini çalýþtýrýyor (pytest)...
2026-09-25 04:47:54,594 [WARNING] Ajan Orkestratörü: Hata tespit edildi. Self-Healing mekanizmasý devreye giriyor...
2026-09-25 04:47:54,594 [ERROR] Ajan Orkestratörü: 
2026-09-25 04:47:54,595 [INFO] Ajan Orkestratörü: Ajanlar hatalarý gideriyor ve kodu güncelliyor...
2026-09-25 04:48:02,594 [INFO] Ajan Orkestratörü: --- Ýþlemde olan aþama: Faz 1: Swiss Ephemeris & Batý Astrolojisi ---
2026-09-25 04:48:07,595 [INFO] Ajan Orkestratörü: QA Ajaný modül testlerini çalýþtýrýyor (pytest)...
2026-09-25 04:48:10,088 [WARNING] Ajan Orkestratörü: Hata tespit edildi. Self-Healing mekanizmasý devreye giriyor...
2026-09-25 04:48:10,088 [ERROR] Ajan Orkestratörü: 
2026-09-25 04:48:10,088 [INFO] Ajan Orkestratörü: Ajanlar hatalarý gideriyor ve kodu güncelliyor...
2026-09-25 04:48:18,088 [INFO] Ajan Orkestratörü: --- Ýþlemde olan aþama: Faz 1: Swiss Ephemeris & Batý Astrolojisi ---
2026-09-25 04:48:23,089 [INFO] Ajan Orkestratörü: QA Ajaný modül testlerini çalýþtýrýyor (pytest)...
2026-09-25 04:48:25,524 [WARNING] Ajan Orkestratörü: Hata tespit edildi. Self-Healing mekanizmasý devreye giriyor...
2026-09-25 04:48:25,525 [ERROR] Ajan Orkestratörü: 
2026-09-25 04:48:25,525 [INFO] Ajan Orkestratörü: Ajanlar hatalarý gideriyor ve kodu güncelliyor...
2026-09-25 04:48:33,524 [INFO] Ajan Orkestratörü: --- Ýþlemde olan aþama: Faz 1: Swiss Ephemeris & Batý Astrolojisi ---
2026-09-25 04:48:38,525 [INFO] Ajan Orkestratörü: QA Ajaný modül testlerini çalýþtýrýyor (pytest)...
2026-09-25 04:48:41,012 [WARNING] Ajan Orkestratörü: Hata tespit edildi. Self-Healing mekanizmasý devreye giriyor...
2026-09-25 04:48:41,013 [ERROR] Ajan Orkestratörü: 
2026-09-25 04:48:41,013 [INFO] Ajan Orkestratörü: Ajanlar hatalarý gideriyor ve kodu güncelliyor...
2026-09-25 04:48:49,013 [INFO] Ajan Orkestratörü: --- Ýþlemde olan aþama: Faz 1: Swiss Ephemeris & Batý Astrolojisi ---
2026-09-25 04:48:54,014 [INFO] Ajan Orkestratörü: QA Ajaný modül testlerini çalýþtýrýyor (pytest)...
2026-09-25 04:48:56,483 [WARNING] Ajan Orkestratörü: Hata tespit edildi. Self-Healing mekanizmasý devreye giriyor...
2026-09-25 04:48:56,484 [ERROR] Ajan Orkestratörü: 
2026-09-25 04:48:56,484 [INFO] Ajan Orkestratörü: Ajanlar hatalarý gideriyor ve kodu güncelliyor...
2026-09-25 04:49:04,484 [INFO] Ajan Orkestratörü: --- Ýþlemde olan aþama: Faz 1: Swiss Ephemeris & Batý Astrolojisi ---
2026-09-25 04:49:09,485 [INFO] Ajan Orkestratörü: QA Ajaný modül testlerini çalýþtýrýyor (pytest)...
2026-09-25 04:49:12,064 [WARNING] Ajan Orkestratörü: Hata tespit edildi. Self-Healing mekanizmasý devreye giriyor...
2026-09-25 04:49:12,064 [ERROR] Ajan Orkestratörü: 
2026-09-25 04:49:12,065 [INFO] Ajan Orkestratörü: Ajanlar hatalarý gideriyor ve kodu güncelliyor...
2026-09-25 04:49:20,064 [INFO] Ajan Orkestratörü: --- Ýþlemde olan aþama: Faz 1: Swiss Ephemeris & Batý Astrolojisi ---
2026-09-25 04:49:25,065 [INFO] Ajan Orkestratörü: QA Ajaný modül testlerini çalýþtýrýyor (pytest)...
2026-09-25 04:49:27,601 [WARNING] Ajan Orkestratörü: Hata tespit edildi. Self-Healing mekanizmasý devreye giriyor...
2026-09-25 04:49:27,602 [ERROR] Ajan Orkestratörü: 
2026-09-25 04:49:27,602 [INFO] Ajan Orkestratörü: Ajanlar hatalarý gideriyor ve kodu güncelliyor...
2026-09-25 04:49:35,602 [INFO] Ajan Orkestratörü: --- Ýþlemde olan aþama: Faz 1: Swiss Ephemeris & Batý Astrolojisi ---
2026-09-25 04:49:40,602 [INFO] Ajan Orkestratörü: QA Ajaný modül testlerini çalýþtýrýyor (pytest)...
2026-09-25 04:49:43,036 [WARNING] Ajan Orkestratörü: Hata tespit edildi. Self-Healing mekanizmasý devreye giriyor...
2026-09-25 04:49:43,036 [ERROR] Ajan Orkestratörü: 
2026-09-25 04:49:43,036 [INFO] Ajan Orkestratörü: Ajanlar hatalarý gideriyor ve kodu güncelliyor...
2026-09-25 04:49:51,036 [INFO] Ajan Orkestratörü: --- Ýþlemde olan aþama: Faz 1: Swiss Ephemeris & Batý Astrolojisi ---
2026-09-25 04:49:56,036 [INFO] Ajan Orkestratörü: QA Ajaný modül testlerini çalýþtýrýyor (pytest)...
2026-09-25 04:49:58,534 [WARNING] Ajan Orkestratörü: Hata tespit edildi. Self-Healing mekanizmasý devreye giriyor...
2026-09-25 04:49:58,535 [ERROR] Ajan Orkestratörü: 
2026-09-25 04:49:58,535 [INFO] Ajan Orkestratörü: Ajanlar hatalarý gideriyor ve kodu güncelliyor...
2026-09-25 04:50:06,534 [INFO] Ajan Orkestratörü: --- Ýþlemde olan aþama: Faz 1: Swiss Ephemeris & Batý Astrolojisi ---
2026-09-25 04:50:11,535 [INFO] Ajan Orkestratörü: QA Ajaný modül testlerini çalýþtýrýyor (pytest)...
2026-09-25 04:50:14,308 [WARNING] Ajan Orkestratörü: Hata tespit edildi. Self-Healing mekanizmasý devreye giriyor...
2026-09-25 04:50:14,309 [ERROR] Ajan Orkestratörü: 
2026-09-25 04:50:14,309 [INFO] Ajan Orkestratörü: Ajanlar hatalarý gideriyor ve kodu güncelliyor...
2026-09-25 04:50:22,308 [INFO] Ajan Orkestratörü: --- Ýþlemde olan aþama: Faz 1: Swiss Ephemeris & Batý Astrolojisi ---
2026-09-25 04:50:27,309 [INFO] Ajan Orkestratörü: QA Ajaný modül testlerini çalýþtýrýyor (pytest)...
2026-09-25 04:50:29,731 [WARNING] Ajan Orkestratörü: Hata tespit edildi. Self-Healing mekanizmasý devreye giriyor...
2026-09-25 04:50:29,731 [ERROR] Ajan Orkestratörü: 
2026-09-25 04:50:29,732 [INFO] Ajan Orkestratörü: Ajanlar hatalarý gideriyor ve kodu güncelliyor...
2026-09-25 04:50:37,731 [INFO] Ajan Orkestratörü: --- Ýþlemde olan aþama: Faz 1: Swiss Ephemeris & Batý Astrolojisi ---
2026-09-25 04:50:42,732 [INFO] Ajan Orkestratörü: QA Ajaný modül testlerini çalýþtýrýyor (pytest)...
2026-09-25 04:50:45,182 [WARNING] Ajan Orkestratörü: Hata tespit edildi. Self-Healing mekanizmasý devreye giriyor...
2026-09-25 04:50:45,183 [ERROR] Ajan Orkestratörü: 
2026-09-25 04:50:45,183 [INFO] Ajan Orkestratörü: Ajanlar hatalarý gideriyor ve kodu güncelliyor...
2026-09-25 04:50:53,182 [INFO] Ajan Orkestratörü: --- Ýþlemde olan aþama: Faz 1: Swiss Ephemeris & Batý Astrolojisi ---
2026-09-25 04:50:58,183 [INFO] Ajan Orkestratörü: QA Ajaný modül testlerini çalýþtýrýyor (pytest)...
2026-09-25 04:51:00,700 [WARNING] Ajan Orkestratörü: Hata tespit edildi. Self-Healing mekanizmasý devreye giriyor...
2026-09-25 04:51:00,700 [ERROR] Ajan Orkestratörü: 
2026-09-25 04:51:00,700 [INFO] Ajan Orkestratörü: Ajanlar hatalarý gideriyor ve kodu güncelliyor...
2026-09-25 04:51:08,700 [INFO] Ajan Orkestratörü: --- Ýþlemde olan aþama: Faz 1: Swiss Ephemeris & Batý Astrolojisi ---
2026-09-25 04:51:13,700 [INFO] Ajan Orkestratörü: QA Ajaný modül testlerini çalýþtýrýyor (pytest)...
2026-09-25 04:51:16,368 [WARNING] Ajan Orkestratörü: Hata tespit edildi. Self-Healing mekanizmasý devreye giriyor...
2026-09-25 04:51:16,368 [ERROR] Ajan Orkestratörü: 
2026-09-25 04:51:16,368 [INFO] Ajan Orkestratörü: Ajanlar hatalarý gideriyor ve kodu güncelliyor...
2026-09-25 04:51:24,368 [INFO] Ajan Orkestratörü: --- Ýþlemde olan aþama: Faz 1: Swiss Ephemeris & Batý Astrolojisi ---
2026-09-25 04:51:29,369 [INFO] Ajan Orkestratörü: QA Ajaný modül testlerini çalýþtýrýyor (pytest)...
2026-09-25 04:51:31,858 [WARNING] Ajan Orkestratörü: Hata tespit edildi. Self-Healing mekanizmasý devreye giriyor...
2026-09-25 04:51:31,858 [ERROR] Ajan Orkestratörü: 
2026-09-25 04:51:31,859 [INFO] Ajan Orkestratörü: Ajanlar hatalarý gideriyor ve kodu güncelliyor...
2026-09-25 04:51:39,858 [INFO] Ajan Orkestratörü: --- Ýþlemde olan aþama: Faz 1: Swiss Ephemeris & Batý Astrolojisi ---
2026-09-25 04:51:44,858 [INFO] Ajan Orkestratörü: QA Ajaný modül testlerini çalýþtýrýyor (pytest)...
2026-09-25 04:51:47,260 [WARNING] Ajan Orkestratörü: Hata tespit edildi. Self-Healing mekanizmasý devreye giriyor...
2026-09-25 04:51:47,261 [ERROR] Ajan Orkestratörü: 
2026-09-25 04:51:47,261 [INFO] Ajan Orkestratörü: Ajanlar hatalarý gideriyor ve kodu güncelliyor...
2026-09-25 04:51:55,261 [INFO] Ajan Orkestratörü: --- Ýþlemde olan aþama: Faz 1: Swiss Ephemeris & Batý Astrolojisi ---
2026-09-25 04:52:00,261 [INFO] Ajan Orkestratörü: QA Ajaný modül testlerini çalýþtýrýyor (pytest)...
2026-09-25 04:52:02,695 [WARNING] Ajan Orkestratörü: Hata tespit edildi. Self-Healing mekanizmasý devreye giriyor...
2026-09-25 04:52:02,696 [ERROR] Ajan Orkestratörü: 
2026-09-25 04:52:02,696 [INFO] Ajan Orkestratörü: Ajanlar hatalarý gideriyor ve kodu güncelliyor...
2026-09-25 04:52:10,696 [INFO] Ajan Orkestratörü: --- Ýþlemde olan aþama: Faz 1: Swiss Ephemeris & Batý Astrolojisi ---
2026-09-25 04:52:15,696 [INFO] Ajan Orkestratörü: QA Ajaný modül testlerini çalýþtýrýyor (pytest)...
2026-09-25 04:52:18,258 [WARNING] Ajan Orkestratörü: Hata tespit edildi. Self-Healing mekanizmasý devreye giriyor...
2026-09-25 04:52:18,258 [ERROR] Ajan Orkestratörü: 
2026-09-25 04:52:18,259 [INFO] Ajan Orkestratörü: Ajanlar hatalarý gideriyor ve kodu güncelliyor...
2026-09-25 04:52:26,258 [INFO] Ajan Orkestratörü: --- Ýþlemde olan aþama: Faz 1: Swiss Ephemeris & Batý Astrolojisi ---
2026-09-25 04:52:31,259 [INFO] Ajan Orkestratörü: QA Ajaný modül testlerini çalýþtýrýyor (pytest)...
2026-09-25 04:52:33,865 [WARNING] Ajan Orkestratörü: Hata tespit edildi. Self-Healing mekanizmasý devreye giriyor...
2026-09-25 04:52:33,865 [ERROR] Ajan Orkestratörü: 
2026-09-25 04:52:33,866 [INFO] Ajan Orkestratörü: Ajanlar hatalarý gideriyor ve kodu güncelliyor...
2026-09-25 04:52:41,866 [INFO] Ajan Orkestratörü: --- Ýþlemde olan aþama: Faz 1: Swiss Ephemeris & Batý Astrolojisi ---
2026-09-25 04:52:46,866 [INFO] Ajan Orkestratörü: QA Ajaný modül testlerini çalýþtýrýyor (pytest)...
2026-09-25 04:52:49,360 [WARNING] Ajan Orkestratörü: Hata tespit edildi. Self-Healing mekanizmasý devreye giriyor...
2026-09-25 04:52:49,360 [ERROR] Ajan Orkestratörü: 
2026-09-25 04:52:49,361 [INFO] Ajan Orkestratörü: Ajanlar hatalarý gideriyor ve kodu güncelliyor...
2026-09-25 04:52:57,360 [INFO] Ajan Orkestratörü: --- Ýþlemde olan aþama: Faz 1: Swiss Ephemeris & Batý Astrolojisi ---
2026-09-25 04:53:02,361 [INFO] Ajan Orkestratörü: QA Ajaný modül testlerini çalýþtýrýyor (pytest)...
2026-09-25 04:53:04,840 [WARNING] Ajan Orkestratörü: Hata tespit edildi. Self-Healing mekanizmasý devreye giriyor...
2026-09-25 04:53:04,841 [ERROR] Ajan Orkestratörü: 
2026-09-25 04:53:04,841 [INFO] Ajan Orkestratörü: Ajanlar hatalarý gideriyor ve kodu güncelliyor...
2026-09-25 04:53:12,841 [INFO] Ajan Orkestratörü: --- Ýþlemde olan aþama: Faz 1: Swiss Ephemeris & Batý Astrolojisi ---
2026-09-25 04:53:17,841 [INFO] Ajan Orkestratörü: QA Ajaný modül testlerini çalýþtýrýyor (pytest)...
2026-09-25 04:53:20,282 [WARNING] Ajan Orkestratörü: Hata tespit edildi. Self-Healing mekanizmasý devreye giriyor...
2026-09-25 04:53:20,283 [ERROR] Ajan Orkestratörü: 
2026-09-25 04:53:20,283 [INFO] Ajan Orkestratörü: Ajanlar hatalarý gideriyor ve kodu güncelliyor...
2026-09-25 04:53:28,283 [INFO] Ajan Orkestratörü: --- Ýþlemde olan aþama: Faz 1: Swiss Ephemeris & Batý Astrolojisi ---
2026-09-25 04:53:33,283 [INFO] Ajan Orkestratörü: QA Ajaný modül testlerini çalýþtýrýyor (pytest)...
2026-09-25 04:53:35,740 [WARNING] Ajan Orkestratörü: Hata tespit edildi. Self-Healing mekanizmasý devreye giriyor...
2026-09-25 04:53:35,740 [ERROR] Ajan Orkestratörü: 
2026-09-25 04:53:35,740 [INFO] Ajan Orkestratörü: Ajanlar hatalarý gideriyor ve kodu güncelliyor...
2026-09-25 04:53:43,740 [INFO] Ajan Orkestratörü: --- Ýþlemde olan aþama: Faz 1: Swiss Ephemeris & Batý Astrolojisi ---
2026-09-25 04:53:48,741 [INFO] Ajan Orkestratörü: QA Ajaný modül testlerini çalýþtýrýyor (pytest)...
2026-09-25 04:53:51,187 [WARNING] Ajan Orkestratörü: Hata tespit edildi. Self-Healing mekanizmasý devreye giriyor...
2026-09-25 04:53:51,188 [ERROR] Ajan Orkestratörü: 
2026-09-25 04:53:51,188 [INFO] Ajan Orkestratörü: Ajanlar hatalarý gideriyor ve kodu güncelliyor...
2026-09-25 04:53:59,188 [INFO] Ajan Orkestratörü: --- Ýþlemde olan aþama: Faz 1: Swiss Ephemeris & Batý Astrolojisi ---
2026-09-25 04:54:04,188 [INFO] Ajan Orkestratörü: QA Ajaný modül testlerini çalýþtýrýyor (pytest)...
2026-09-25 04:54:06,788 [WARNING] Ajan Orkestratörü: Hata tespit edildi. Self-Healing mekanizmasý devreye giriyor...
2026-09-25 04:54:06,788 [ERROR] Ajan Orkestratörü: 
2026-09-25 04:54:06,789 [INFO] Ajan Orkestratörü: Ajanlar hatalarý gideriyor ve kodu güncelliyor...
2026-09-25 04:54:14,788 [INFO] Ajan Orkestratörü: --- Ýþlemde olan aþama: Faz 1: Swiss Ephemeris & Batý Astrolojisi ---
2026-09-25 04:54:19,789 [INFO] Ajan Orkestratörü: QA Ajaný modül testlerini çalýþtýrýyor (pytest)...
2026-09-25 04:54:22,282 [WARNING] Ajan Orkestratörü: Hata tespit edildi. Self-Healing mekanizmasý devreye giriyor...
2026-09-25 04:54:22,282 [ERROR] Ajan Orkestratörü: 
2026-09-25 04:54:22,283 [INFO] Ajan Orkestratörü: Ajanlar hatalarý gideriyor ve kodu güncelliyor...
2026-09-25 04:54:30,282 [INFO] Ajan Orkestratörü: --- Ýþlemde olan aþama: Faz 1: Swiss Ephemeris & Batý Astrolojisi ---
2026-09-25 04:54:35,284 [INFO] Ajan Orkestratörü: QA Ajaný modül testlerini çalýþtýrýyor (pytest)...
2026-09-25 04:54:37,877 [WARNING] Ajan Orkestratörü: Hata tespit edildi. Self-Healing mekanizmasý devreye giriyor...
2026-09-25 04:54:37,877 [ERROR] Ajan Orkestratörü: 
2026-09-25 04:54:37,878 [INFO] Ajan Orkestratörü: Ajanlar hatalarý gideriyor ve kodu güncelliyor...
2026-09-25 04:54:45,877 [INFO] Ajan Orkestratörü: --- Ýþlemde olan aþama: Faz 1: Swiss Ephemeris & Batý Astrolojisi ---
2026-09-25 04:54:50,878 [INFO] Ajan Orkestratörü: QA Ajaný modül testlerini çalýþtýrýyor (pytest)...
2026-09-25 04:54:53,329 [WARNING] Ajan Orkestratörü: Hata tespit edildi. Self-Healing mekanizmasý devreye giriyor...
2026-09-25 04:54:53,330 [ERROR] Ajan Orkestratörü: 
2026-09-25 04:54:53,330 [INFO] Ajan Orkestratörü: Ajanlar hatalarý gideriyor ve kodu güncelliyor...
2026-09-25 04:55:01,330 [INFO] Ajan Orkestratörü: --- Ýþlemde olan aþama: Faz 1: Swiss Ephemeris & Batý Astrolojisi ---
2026-09-25 04:55:06,331 [INFO] Ajan Orkestratörü: QA Ajaný modül testlerini çalýþtýrýyor (pytest)...
2026-09-25 04:55:08,793 [WARNING] Ajan Orkestratörü: Hata tespit edildi. Self-Healing mekanizmasý devreye giriyor...
2026-09-25 04:55:08,793 [ERROR] Ajan Orkestratörü: 
2026-09-25 04:55:08,794 [INFO] Ajan Orkestratörü: Ajanlar hatalarý gideriyor ve kodu güncelliyor...
2026-09-25 04:55:16,793 [INFO] Ajan Orkestratörü: --- Ýþlemde olan aþama: Faz 1: Swiss Ephemeris & Batý Astrolojisi ---
2026-09-25 04:55:21,793 [INFO] Ajan Orkestratörü: QA Ajaný modül testlerini çalýþtýrýyor (pytest)...
2026-09-25 04:55:24,230 [WARNING] Ajan Orkestratörü: Hata tespit edildi. Self-Healing mekanizmasý devreye giriyor...
2026-09-25 04:55:24,231 [ERROR] Ajan Orkestratörü: 
2026-09-25 04:55:24,231 [INFO] Ajan Orkestratörü: Ajanlar hatalarý gideriyor ve kodu güncelliyor...
2026-09-25 04:55:32,231 [INFO] Ajan Orkestratörü: --- Ýþlemde olan aþama: Faz 1: Swiss Ephemeris & Batý Astrolojisi ---
2026-09-25 04:55:37,232 [INFO] Ajan Orkestratörü: QA Ajaný modül testlerini çalýþtýrýyor (pytest)...
2026-09-25 04:55:39,923 [WARNING] Ajan Orkestratörü: Hata tespit edildi. Self-Healing mekanizmasý devreye giriyor...
2026-09-25 04:55:39,924 [ERROR] Ajan Orkestratörü: 
2026-09-25 04:55:39,924 [INFO] Ajan Orkestratörü: Ajanlar hatalarý gideriyor ve kodu güncelliyor...
2026-09-25 04:55:47,924 [INFO] Ajan Orkestratörü: --- Ýþlemde olan aþama: Faz 1: Swiss Ephemeris & Batý Astrolojisi ---
2026-09-25 04:55:52,925 [INFO] Ajan Orkestratörü: QA Ajaný modül testlerini çalýþtýrýyor (pytest)...
2026-09-25 04:55:55,368 [WARNING] Ajan Orkestratörü: Hata tespit edildi. Self-Healing mekanizmasý devreye giriyor...
2026-09-25 04:55:55,368 [ERROR] Ajan Orkestratörü: 
2026-09-25 04:55:55,369 [INFO] Ajan Orkestratörü: Ajanlar hatalarý gideriyor ve kodu güncelliyor...
2026-09-25 04:56:03,369 [INFO] Ajan Orkestratörü: --- Ýþlemde olan aþama: Faz 1: Swiss Ephemeris & Batý Astrolojisi ---
2026-09-25 04:56:08,370 [INFO] Ajan Orkestratörü: QA Ajaný modül testlerini çalýþtýrýyor (pytest)...
2026-09-25 04:56:10,868 [WARNING] Ajan Orkestratörü: Hata tespit edildi. Self-Healing mekanizmasý devreye giriyor...
2026-09-25 04:56:10,868 [ERROR] Ajan Orkestratörü: 
2026-09-25 04:56:10,868 [INFO] Ajan Orkestratörü: Ajanlar hatalarý gideriyor ve kodu güncelliyor...
2026-09-25 04:56:18,868 [INFO] Ajan Orkestratörü: --- Ýþlemde olan aþama: Faz 1: Swiss Ephemeris & Batý Astrolojisi ---
2026-09-25 04:56:23,868 [INFO] Ajan Orkestratörü: QA Ajaný modül testlerini çalýþtýrýyor (pytest)...
2026-09-25 04:56:26,322 [WARNING] Ajan Orkestratörü: Hata tespit edildi. Self-Healing mekanizmasý devreye giriyor...
2026-09-25 04:56:26,322 [ERROR] Ajan Orkestratörü: 
2026-09-25 04:56:26,322 [INFO] Ajan Orkestratörü: Ajanlar hatalarý gideriyor ve kodu güncelliyor...
2026-09-25 04:56:34,322 [INFO] Ajan Orkestratörü: --- Ýþlemde olan aþama: Faz 1: Swiss Ephemeris & Batý Astrolojisi ---
2026-09-25 04:56:39,322 [INFO] Ajan Orkestratörü: QA Ajaný modül testlerini çalýþtýrýyor (pytest)...
2026-09-25 04:56:42,041 [WARNING] Ajan Orkestratörü: Hata tespit edildi. Self-Healing mekanizmasý devreye giriyor...
2026-09-25 04:56:42,042 [ERROR] Ajan Orkestratörü: 
2026-09-25 04:56:42,042 [INFO] Ajan Orkestratörü: Ajanlar hatalarý gideriyor ve kodu güncelliyor...
2026-09-25 04:56:50,041 [INFO] Ajan Orkestratörü: --- Ýþlemde olan aþama: Faz 1: Swiss Ephemeris & Batý Astrolojisi ---
2026-09-25 04:56:55,042 [INFO] Ajan Orkestratörü: QA Ajaný modül testlerini çalýþtýrýyor (pytest)...
2026-09-25 04:56:57,568 [WARNING] Ajan Orkestratörü: Hata tespit edildi. Self-Healing mekanizmasý devreye giriyor...
2026-09-25 04:56:57,568 [ERROR] Ajan Orkestratörü: 
2026-09-25 04:56:57,568 [INFO] Ajan Orkestratörü: Ajanlar hatalarý gideriyor ve kodu güncelliyor...
2026-09-25 04:57:05,568 [INFO] Ajan Orkestratörü: --- Ýþlemde olan aþama: Faz 1: Swiss Ephemeris & Batý Astrolojisi ---
2026-09-25 04:57:10,569 [INFO] Ajan Orkestratörü: QA Ajaný modül testlerini çalýþtýrýyor (pytest)...
2026-09-25 04:57:13,231 [WARNING] Ajan Orkestratörü: Hata tespit edildi. Self-Healing mekanizmasý devreye giriyor...
2026-09-25 04:57:13,231 [ERROR] Ajan Orkestratörü: 
2026-09-25 04:57:13,231 [INFO] Ajan Orkestratörü: Ajanlar hatalarý gideriyor ve kodu güncelliyor...
2026-09-25 04:57:21,231 [INFO] Ajan Orkestratörü: --- Ýþlemde olan aþama: Faz 1: Swiss Ephemeris & Batý Astrolojisi ---
2026-09-25 04:57:26,232 [INFO] Ajan Orkestratörü: QA Ajaný modül testlerini çalýþtýrýyor (pytest)...
2026-09-25 04:57:28,804 [WARNING] Ajan Orkestratörü: Hata tespit edildi. Self-Healing mekanizmasý devreye giriyor...
2026-09-25 04:57:28,805 [ERROR] Ajan Orkestratörü: 
2026-09-25 04:57:28,805 [INFO] Ajan Orkestratörü: Ajanlar hatalarý gideriyor ve kodu güncelliyor...
2026-09-25 04:57:36,804 [INFO] Ajan Orkestratörü: --- Ýþlemde olan aþama: Faz 1: Swiss Ephemeris & Batý Astrolojisi ---
2026-09-25 04:57:41,805 [INFO] Ajan Orkestratörü: QA Ajaný modül testlerini çalýþtýrýyor (pytest)...
2026-09-25 04:57:44,294 [WARNING] Ajan Orkestratörü: Hata tespit edildi. Self-Healing mekanizmasý devreye giriyor...
2026-09-25 04:57:44,294 [ERROR] Ajan Orkestratörü: 
2026-09-25 04:57:44,294 [INFO] Ajan Orkestratörü: Ajanlar hatalarý gideriyor ve kodu güncelliyor...
2026-09-25 04:57:52,295 [INFO] Ajan Orkestratörü: --- Ýþlemde olan aþama: Faz 1: Swiss Ephemeris & Batý Astrolojisi ---
2026-09-25 05:02:12,327 [INFO] Ajan Orkestratörü: AstroEngine Sýralý Otonom Geliþtirme Hattý (Pipeline) Baþlatýldý...
2026-09-25 05:02:12,327 [INFO] Ajan Orkestratörü: --- Ýþlemde olan aþama: Faz 1: Swiss Ephemeris & Batý Astrolojisi ---
2026-09-25 05:02:17,327 [INFO] Ajan Orkestratörü: QA Ajaný modül testlerini çalýþtýrýyor (pytest)...
2026-09-25 05:02:19,401 [INFO] Ajan Orkestratörü: Testler baþarýyla geçti! Sýradaki faza geçiliyor.
2026-09-25 05:02:19,401 [INFO] Ajan Orkestratörü: Faz 1: Swiss Ephemeris & Batý Astrolojisi baþarýyla tamamlandý.
2026-09-25 05:02:19,402 [INFO] Ajan Orkestratörü: --- Ýþlemde olan aþama: Faz 2: Vedik, Çin ve Ebced Modülleri ---
2026-09-25 05:02:24,402 [INFO] Ajan Orkestratörü: QA Ajaný modül testlerini çalýþtýrýyor (pytest)...
2026-09-25 05:02:26,770 [INFO] Ajan Orkestratörü: Testler baþarýyla geçti! Sýradaki faza geçiliyor.
2026-09-25 05:02:26,771 [INFO] Ajan Orkestratörü: Faz 2: Vedik, Çin ve Ebced Modülleri baþarýyla tamamlandý.
2026-09-25 05:02:26,771 [INFO] Ajan Orkestratörü: --- Ýþlemde olan aþama: Faz 3: FastAPI Servis Katmaný ---
2026-09-25 05:02:31,771 [INFO] Ajan Orkestratörü: QA Ajaný modül testlerini çalýþtýrýyor (pytest)...
2026-09-25 05:02:33,942 [INFO] Ajan Orkestratörü: Testler baþarýyla geçti! Sýradaki faza geçiliyor.
2026-09-25 05:02:33,942 [INFO] Ajan Orkestratörü: Faz 3: FastAPI Servis Katmaný baþarýyla tamamlandý.
2026-09-25 05:02:33,943 [INFO] Ajan Orkestratörü: --- Ýþlemde olan aþama: Faz 4: Next.js Frontend Arayüzü ---
2026-09-25 05:02:38,943 [INFO] Ajan Orkestratörü: QA Ajaný modül testlerini çalýþtýrýyor (pytest)...
2026-09-25 05:02:41,226 [INFO] Ajan Orkestratörü: Testler baþarýyla geçti! Sýradaki faza geçiliyor.
2026-09-25 05:02:41,226 [INFO] Ajan Orkestratörü: Faz 4: Next.js Frontend Arayüzü baþarýyla tamamlandý.
2026-09-25 05:02:41,226 [INFO] Ajan Orkestratörü: --- Ýþlemde olan aþama: Faz 5: Sistem Entegrasyonu ve Kararlýlýk Testi ---
2026-09-25 05:02:46,227 [INFO] Ajan Orkestratörü: QA Ajaný modül testlerini çalýþtýrýyor (pytest)...
2026-09-25 05:02:48,360 [INFO] Ajan Orkestratörü: Testler baþarýyla geçti! Sýradaki faza geçiliyor.
2026-09-25 05:02:48,360 [INFO] Ajan Orkestratörü: Faz 5: Sistem Entegrasyonu ve Kararlýlýk Testi baþarýyla tamamlandý.
2026-09-25 05:02:48,360 [INFO] Ajan Orkestratörü: Tüm fazlar baþarýyla tamamlandý! AstroEngine tam kapasite çalýþýyor.
2026-09-26 06:19:53,227 [INFO] Ajan Orkestratörü: AstroEngine Sýralý Otonom Geliþtirme Hattý (Pipeline) Baþlatýldý...
2026-09-26 06:19:53,230 [INFO] Ajan Orkestratörü: --- Ýþlemde olan aþama: Faz 1: Swiss Ephemeris & Batý Astrolojisi ---
2026-09-26 06:19:58,231 [INFO] Ajan Orkestratörü: QA Ajaný modül testlerini çalýþtýrýyor (pytest)...
2026-09-26 06:20:02,023 [ERROR] Ajan Orkestratörü: Test çalýþtýrma sýrasýnda kritik hata: [WinError 4551] Uygulama Denetimi ilkesi bu dosyayý engelledi
2026-09-26 06:20:02,024 [INFO] Ajan Orkestratörü: Ajanlar hatalarý gideriyor ve kodu güncelliyor...
2026-09-26 06:20:10,025 [INFO] Ajan Orkestratörü: --- Ýþlemde olan aþama: Faz 1: Swiss Ephemeris & Batý Astrolojisi ---
2026-09-26 06:20:15,026 [INFO] Ajan Orkestratörü: QA Ajaný modül testlerini çalýþtýrýyor (pytest)...
2026-09-26 06:20:15,121 [ERROR] Ajan Orkestratörü: Test çalýþtýrma sýrasýnda kritik hata: [WinError 4551] Uygulama Denetimi ilkesi bu dosyayý engelledi
2026-09-26 06:20:15,122 [INFO] Ajan Orkestratörü: Ajanlar hatalarý gideriyor ve kodu güncelliyor...
2026-09-26 06:20:23,123 [INFO] Ajan Orkestratörü: --- Ýþlemde olan aþama: Faz 1: Swiss Ephemeris & Batý Astrolojisi ---
2026-09-26 06:20:28,124 [INFO] Ajan Orkestratörü: QA Ajaný modül testlerini çalýþtýrýyor (pytest)...
2026-09-26 06:20:28,218 [ERROR] Ajan Orkestratörü: Test çalýþtýrma sýrasýnda kritik hata: [WinError 4551] Uygulama Denetimi ilkesi bu dosyayý engelledi
2026-09-26 06:20:28,219 [INFO] Ajan Orkestratörü: Ajanlar hatalarý gideriyor ve kodu güncelliyor...
2026-09-26 06:20:36,220 [INFO] Ajan Orkestratörü: --- Ýþlemde olan aþama: Faz 1: Swiss Ephemeris & Batý Astrolojisi ---
2026-09-26 06:20:41,222 [INFO] Ajan Orkestratörü: QA Ajaný modül testlerini çalýþtýrýyor (pytest)...
2026-09-26 06:20:41,311 [ERROR] Ajan Orkestratörü: Test çalýþtýrma sýrasýnda kritik hata: [WinError 4551] Uygulama Denetimi ilkesi bu dosyayý engelledi
2026-09-26 06:20:41,312 [INFO] Ajan Orkestratörü: Ajanlar hatalarý gideriyor ve kodu güncelliyor...
2026-09-26 06:20:49,313 [INFO] Ajan Orkestratörü: --- Ýþlemde olan aþama: Faz 1: Swiss Ephemeris & Batý Astrolojisi ---
2026-09-26 06:20:54,314 [INFO] Ajan Orkestratörü: QA Ajaný modül testlerini çalýþtýrýyor (pytest)...
2026-09-26 06:20:54,422 [ERROR] Ajan Orkestratörü: Test çalýþtýrma sýrasýnda kritik hata: [WinError 4551] Uygulama Denetimi ilkesi bu dosyayý engelledi
2026-09-26 06:20:54,423 [INFO] Ajan Orkestratörü: Ajanlar hatalarý gideriyor ve kodu güncelliyor...
2026-09-26 06:21:02,424 [INFO] Ajan Orkestratörü: --- Ýþlemde olan aþama: Faz 1: Swiss Ephemeris & Batý Astrolojisi ---
2026-09-26 06:21:07,425 [INFO] Ajan Orkestratörü: QA Ajaný modül testlerini çalýþtýrýyor (pytest)...
2026-09-26 06:21:07,520 [ERROR] Ajan Orkestratörü: Test çalýþtýrma sýrasýnda kritik hata: [WinError 4551] Uygulama Denetimi ilkesi bu dosyayý engelledi
2026-09-26 06:21:07,520 [INFO] Ajan Orkestratörü: Ajanlar hatalarý gideriyor ve kodu güncelliyor...
2026-09-26 06:21:15,521 [INFO] Ajan Orkestratörü: --- Ýþlemde olan aþama: Faz 1: Swiss Ephemeris & Batý Astrolojisi ---
2026-09-26 06:21:20,522 [INFO] Ajan Orkestratörü: QA Ajaný modül testlerini çalýþtýrýyor (pytest)...
2026-09-26 06:21:20,597 [ERROR] Ajan Orkestratörü: Test çalýþtýrma sýrasýnda kritik hata: [WinError 4551] Uygulama Denetimi ilkesi bu dosyayý engelledi
2026-09-26 06:21:20,598 [INFO] Ajan Orkestratörü: Ajanlar hatalarý gideriyor ve kodu güncelliyor...
2026-09-26 06:21:28,628 [INFO] Ajan Orkestratörü: --- Ýþlemde olan aþama: Faz 1: Swiss Ephemeris & Batý Astrolojisi ---
2026-09-26 06:21:33,663 [INFO] Ajan Orkestratörü: QA Ajaný modül testlerini çalýþtýrýyor (pytest)...
2026-09-26 06:21:33,752 [ERROR] Ajan Orkestratörü: Test çalýþtýrma sýrasýnda kritik hata: [WinError 4551] Uygulama Denetimi ilkesi bu dosyayý engelledi
2026-09-26 06:21:33,752 [INFO] Ajan Orkestratörü: Ajanlar hatalarý gideriyor ve kodu güncelliyor...
2026-09-26 06:21:41,753 [INFO] Ajan Orkestratörü: --- Ýþlemde olan aþama: Faz 1: Swiss Ephemeris & Batý Astrolojisi ---
2026-09-26 06:21:46,754 [INFO] Ajan Orkestratörü: QA Ajaný modül testlerini çalýþtýrýyor (pytest)...
2026-09-26 06:21:46,824 [ERROR] Ajan Orkestratörü: Test çalýþtýrma sýrasýnda kritik hata: [WinError 4551] Uygulama Denetimi ilkesi bu dosyayý engelledi
2026-09-26 06:21:46,825 [INFO] Ajan Orkestratörü: Ajanlar hatalarý gideriyor ve kodu güncelliyor...
2026-09-26 06:21:54,826 [INFO] Ajan Orkestratörü: --- Ýþlemde olan aþama: Faz 1: Swiss Ephemeris & Batý Astrolojisi ---
2026-09-26 06:21:59,827 [INFO] Ajan Orkestratörü: QA Ajaný modül testlerini çalýþtýrýyor (pytest)...
2026-09-26 06:21:59,931 [ERROR] Ajan Orkestratörü: Test çalýþtýrma sýrasýnda kritik hata: [WinError 4551] Uygulama Denetimi ilkesi bu dosyayý engelledi
2026-09-26 06:21:59,932 [INFO] Ajan Orkestratörü: Ajanlar hatalarý gideriyor ve kodu güncelliyor...
2026-09-26 06:22:07,932 [INFO] Ajan Orkestratörü: --- Ýþlemde olan aþama: Faz 1: Swiss Ephemeris & Batý Astrolojisi ---
2026-09-26 06:22:12,933 [INFO] Ajan Orkestratörü: QA Ajaný modül testlerini çalýþtýrýyor (pytest)...
2026-09-26 06:22:13,032 [ERROR] Ajan Orkestratörü: Test çalýþtýrma sýrasýnda kritik hata: [WinError 4551] Uygulama Denetimi ilkesi bu dosyayý engelledi
2026-09-26 06:22:13,032 [INFO] Ajan Orkestratörü: Ajanlar hatalarý gideriyor ve kodu güncelliyor...
2026-09-26 06:22:21,033 [INFO] Ajan Orkestratörü: --- Ýþlemde olan aþama: Faz 1: Swiss Ephemeris & Batý Astrolojisi ---
2026-09-26 06:22:26,034 [INFO] Ajan Orkestratörü: QA Ajaný modül testlerini çalýþtýrýyor (pytest)...
2026-09-26 06:22:26,142 [ERROR] Ajan Orkestratörü: Test çalýþtýrma sýrasýnda kritik hata: [WinError 4551] Uygulama Denetimi ilkesi bu dosyayý engelledi
2026-09-26 06:22:26,142 [INFO] Ajan Orkestratörü: Ajanlar hatalarý gideriyor ve kodu güncelliyor...
2026-09-26 06:23:14,995 [INFO] Ajan Orkestratörü: AstroEngine Sýralý Otonom Geliþtirme Hattý (Pipeline) Baþlatýldý...
2026-09-26 06:23:14,997 [INFO] Ajan Orkestratörü: --- Ýþlemde olan aþama: Faz 1: Swiss Ephemeris & Batý Astrolojisi ---
2026-09-26 06:23:19,998 [INFO] Ajan Orkestratörü: QA Ajaný modül testlerini çalýþtýrýyor (pytest)...
2026-09-26 06:23:20,001 [ERROR] Ajan Orkestratörü: Test çalýþtýrma sýrasýnda kritik hata: [WinError 2] Sistem belirtilen dosyayý bulamýyor
2026-09-26 06:23:20,003 [INFO] Ajan Orkestratörü: Ajanlar hatalarý gideriyor ve kodu güncelliyor...
2026-09-26 06:23:28,003 [INFO] Ajan Orkestratörü: --- Ýþlemde olan aþama: Faz 1: Swiss Ephemeris & Batý Astrolojisi ---
2026-09-26 06:23:33,004 [INFO] Ajan Orkestratörü: QA Ajaný modül testlerini çalýþtýrýyor (pytest)...
2026-09-26 06:23:33,008 [ERROR] Ajan Orkestratörü: Test çalýþtýrma sýrasýnda kritik hata: [WinError 2] Sistem belirtilen dosyayý bulamýyor
2026-09-26 06:23:33,009 [INFO] Ajan Orkestratörü: Ajanlar hatalarý gideriyor ve kodu güncelliyor...
2026-09-26 06:23:41,009 [INFO] Ajan Orkestratörü: --- Ýþlemde olan aþama: Faz 1: Swiss Ephemeris & Batý Astrolojisi ---
2026-09-26 06:23:46,011 [INFO] Ajan Orkestratörü: QA Ajaný modül testlerini çalýþtýrýyor (pytest)...
2026-09-26 06:23:46,016 [ERROR] Ajan Orkestratörü: Test çalýþtýrma sýrasýnda kritik hata: [WinError 2] Sistem belirtilen dosyayý bulamýyor
2026-09-26 06:23:46,017 [INFO] Ajan Orkestratörü: Ajanlar hatalarý gideriyor ve kodu güncelliyor...
2026-09-26 06:23:54,018 [INFO] Ajan Orkestratörü: --- Ýþlemde olan aþama: Faz 1: Swiss Ephemeris & Batý Astrolojisi ---
2026-09-26 06:23:59,020 [INFO] Ajan Orkestratörü: QA Ajaný modül testlerini çalýþtýrýyor (pytest)...
2026-09-26 06:23:59,022 [ERROR] Ajan Orkestratörü: Test çalýþtýrma sýrasýnda kritik hata: [WinError 2] Sistem belirtilen dosyayý bulamýyor
2026-09-26 06:23:59,022 [INFO] Ajan Orkestratörü: Ajanlar hatalarý gideriyor ve kodu güncelliyor...
2026-09-26 06:24:07,023 [INFO] Ajan Orkestratörü: --- Ýþlemde olan aþama: Faz 1: Swiss Ephemeris & Batý Astrolojisi ---
2026-09-26 06:24:12,025 [INFO] Ajan Orkestratörü: QA Ajaný modül testlerini çalýþtýrýyor (pytest)...
2026-09-26 06:24:12,027 [ERROR] Ajan Orkestratörü: Test çalýþtýrma sýrasýnda kritik hata: [WinError 2] Sistem belirtilen dosyayý bulamýyor
2026-09-26 06:24:12,028 [INFO] Ajan Orkestratörü: Ajanlar hatalarý gideriyor ve kodu güncelliyor...
2026-09-26 06:24:20,029 [INFO] Ajan Orkestratörü: --- Ýþlemde olan aþama: Faz 1: Swiss Ephemeris & Batý Astrolojisi ---
2026-09-26 06:24:25,030 [INFO] Ajan Orkestratörü: QA Ajaný modül testlerini çalýþtýrýyor (pytest)...
2026-09-26 06:24:25,033 [ERROR] Ajan Orkestratörü: Test çalýþtýrma sýrasýnda kritik hata: [WinError 2] Sistem belirtilen dosyayý bulamýyor
2026-09-26 06:24:25,033 [INFO] Ajan Orkestratörü: Ajanlar hatalarý gideriyor ve kodu güncelliyor...
2026-09-26 06:24:33,034 [INFO] Ajan Orkestratörü: --- Ýþlemde olan aþama: Faz 1: Swiss Ephemeris & Batý Astrolojisi ---
2026-09-26 06:24:38,035 [INFO] Ajan Orkestratörü: QA Ajaný modül testlerini çalýþtýrýyor (pytest)...
2026-09-26 06:24:38,037 [ERROR] Ajan Orkestratörü: Test çalýþtýrma sýrasýnda kritik hata: [WinError 2] Sistem belirtilen dosyayý bulamýyor
2026-09-26 06:24:38,037 [INFO] Ajan Orkestratörü: Ajanlar hatalarý gideriyor ve kodu güncelliyor...
2026-09-26 06:24:46,038 [INFO] Ajan Orkestratörü: --- Ýþlemde olan aþama: Faz 1: Swiss Ephemeris & Batý Astrolojisi ---
2026-09-26 06:24:51,039 [INFO] Ajan Orkestratörü: QA Ajaný modül testlerini çalýþtýrýyor (pytest)...
2026-09-26 06:24:51,041 [ERROR] Ajan Orkestratörü: Test çalýþtýrma sýrasýnda kritik hata: [WinError 2] Sistem belirtilen dosyayý bulamýyor
2026-09-26 06:24:51,041 [INFO] Ajan Orkestratörü: Ajanlar hatalarý gideriyor ve kodu güncelliyor...
2026-09-26 06:24:59,042 [INFO] Ajan Orkestratörü: --- Ýþlemde olan aþama: Faz 1: Swiss Ephemeris & Batý Astrolojisi ---
2026-09-26 06:25:04,043 [INFO] Ajan Orkestratörü: QA Ajaný modül testlerini çalýþtýrýyor (pytest)...
2026-09-26 06:25:04,046 [ERROR] Ajan Orkestratörü: Test çalýþtýrma sýrasýnda kritik hata: [WinError 2] Sistem belirtilen dosyayý bulamýyor
2026-09-26 06:25:04,046 [INFO] Ajan Orkestratörü: Ajanlar hatalarý gideriyor ve kodu güncelliyor...
2026-09-26 06:25:12,047 [INFO] Ajan Orkestratörü: --- Ýþlemde olan aþama: Faz 1: Swiss Ephemeris & Batý Astrolojisi ---
2026-09-26 06:25:17,048 [INFO] Ajan Orkestratörü: QA Ajaný modül testlerini çalýþtýrýyor (pytest)...
2026-09-26 06:25:17,053 [ERROR] Ajan Orkestratörü: Test çalýþtýrma sýrasýnda kritik hata: [WinError 2] Sistem belirtilen dosyayý bulamýyor
2026-09-26 06:25:17,054 [INFO] Ajan Orkestratörü: Ajanlar hatalarý gideriyor ve kodu güncelliyor...
2026-09-26 06:25:25,054 [INFO] Ajan Orkestratörü: --- Ýþlemde olan aþama: Faz 1: Swiss Ephemeris & Batý Astrolojisi ---
2026-09-26 06:25:30,056 [INFO] Ajan Orkestratörü: QA Ajaný modül testlerini çalýþtýrýyor (pytest)...
2026-09-26 06:25:30,058 [ERROR] Ajan Orkestratörü: Test çalýþtýrma sýrasýnda kritik hata: [WinError 2] Sistem belirtilen dosyayý bulamýyor
2026-09-26 06:25:30,058 [INFO] Ajan Orkestratörü: Ajanlar hatalarý gideriyor ve kodu güncelliyor...
2026-09-26 06:25:38,059 [INFO] Ajan Orkestratörü: --- Ýþlemde olan aþama: Faz 1: Swiss Ephemeris & Batý Astrolojisi ---
2026-09-26 06:25:43,070 [INFO] Ajan Orkestratörü: QA Ajaný modül testlerini çalýþtýrýyor (pytest)...
2026-09-26 06:25:43,110 [ERROR] Ajan Orkestratörü: Test çalýþtýrma sýrasýnda kritik hata: [WinError 2] Sistem belirtilen dosyayý bulamýyor
2026-09-26 06:25:43,112 [INFO] Ajan Orkestratörü: Ajanlar hatalarý gideriyor ve kodu güncelliyor...
2026-09-26 06:25:51,116 [INFO] Ajan Orkestratörü: --- Ýþlemde olan aþama: Faz 1: Swiss Ephemeris & Batý Astrolojisi ---
2026-09-26 06:25:56,118 [INFO] Ajan Orkestratörü: QA Ajaný modül testlerini çalýþtýrýyor (pytest)...
2026-09-26 06:25:56,122 [ERROR] Ajan Orkestratörü: Test çalýþtýrma sýrasýnda kritik hata: [WinError 2] Sistem belirtilen dosyayý bulamýyor
2026-09-26 06:25:56,123 [INFO] Ajan Orkestratörü: Ajanlar hatalarý gideriyor ve kodu güncelliyor...
2026-09-26 06:26:04,124 [INFO] Ajan Orkestratörü: --- Ýþlemde olan aþama: Faz 1: Swiss Ephemeris & Batý Astrolojisi ---
2026-09-26 06:26:09,126 [INFO] Ajan Orkestratörü: QA Ajaný modül testlerini çalýþtýrýyor (pytest)...
2026-09-26 06:26:09,128 [ERROR] Ajan Orkestratörü: Test çalýþtýrma sýrasýnda kritik hata: [WinError 2] Sistem belirtilen dosyayý bulamýyor
2026-09-26 06:26:09,129 [INFO] Ajan Orkestratörü: Ajanlar hatalarý gideriyor ve kodu güncelliyor...
2026-09-26 06:26:17,129 [INFO] Ajan Orkestratörü: --- Ýþlemde olan aþama: Faz 1: Swiss Ephemeris & Batý Astrolojisi ---
2026-09-26 06:26:22,131 [INFO] Ajan Orkestratörü: QA Ajaný modül testlerini çalýþtýrýyor (pytest)...
2026-09-26 06:26:22,134 [ERROR] Ajan Orkestratörü: Test çalýþtýrma sýrasýnda kritik hata: [WinError 2] Sistem belirtilen dosyayý bulamýyor
2026-09-26 06:26:22,134 [INFO] Ajan Orkestratörü: Ajanlar hatalarý gideriyor ve kodu güncelliyor...
2026-09-26 06:26:30,135 [INFO] Ajan Orkestratörü: --- Ýþlemde olan aþama: Faz 1: Swiss Ephemeris & Batý Astrolojisi ---
2026-09-26 06:26:35,136 [INFO] Ajan Orkestratörü: QA Ajaný modül testlerini çalýþtýrýyor (pytest)...
2026-09-26 06:26:35,139 [ERROR] Ajan Orkestratörü: Test çalýþtýrma sýrasýnda kritik hata: [WinError 2] Sistem belirtilen dosyayý bulamýyor
2026-09-26 06:26:35,139 [INFO] Ajan Orkestratörü: Ajanlar hatalarý gideriyor ve kodu güncelliyor...
2026-09-26 06:26:43,140 [INFO] Ajan Orkestratörü: --- Ýþlemde olan aþama: Faz 1: Swiss Ephemeris & Batý Astrolojisi ---
2026-09-26 06:26:48,141 [INFO] Ajan Orkestratörü: QA Ajaný modül testlerini çalýþtýrýyor (pytest)...
2026-09-26 06:26:48,145 [ERROR] Ajan Orkestratörü: Test çalýþtýrma sýrasýnda kritik hata: [WinError 2] Sistem belirtilen dosyayý bulamýyor
2026-09-26 06:26:48,145 [INFO] Ajan Orkestratörü: Ajanlar hatalarý gideriyor ve kodu güncelliyor...
2026-09-26 06:26:56,145 [INFO] Ajan Orkestratörü: --- Ýþlemde olan aþama: Faz 1: Swiss Ephemeris & Batý Astrolojisi ---
2026-09-26 06:27:01,146 [INFO] Ajan Orkestratörü: QA Ajaný modül testlerini çalýþtýrýyor (pytest)...
2026-09-26 06:27:01,149 [ERROR] Ajan Orkestratörü: Test çalýþtýrma sýrasýnda kritik hata: [WinError 2] Sistem belirtilen dosyayý bulamýyor
2026-09-26 06:27:01,150 [INFO] Ajan Orkestratörü: Ajanlar hatalarý gideriyor ve kodu güncelliyor...
2026-09-26 06:27:09,151 [INFO] Ajan Orkestratörü: --- Ýþlemde olan aþama: Faz 1: Swiss Ephemeris & Batý Astrolojisi ---
2026-09-26 06:27:14,153 [INFO] Ajan Orkestratörü: QA Ajaný modül testlerini çalýþtýrýyor (pytest)...
2026-09-26 06:27:14,156 [ERROR] Ajan Orkestratörü: Test çalýþtýrma sýrasýnda kritik hata: [WinError 2] Sistem belirtilen dosyayý bulamýyor
2026-09-26 06:27:14,156 [INFO] Ajan Orkestratörü: Ajanlar hatalarý gideriyor ve kodu güncelliyor...
2026-09-26 06:27:22,156 [INFO] Ajan Orkestratörü: --- Ýþlemde olan aþama: Faz 1: Swiss Ephemeris & Batý Astrolojisi ---
2026-09-26 06:27:27,157 [INFO] Ajan Orkestratörü: QA Ajaný modül testlerini çalýþtýrýyor (pytest)...
2026-09-26 06:27:27,160 [ERROR] Ajan Orkestratörü: Test çalýþtýrma sýrasýnda kritik hata: [WinError 2] Sistem belirtilen dosyayý bulamýyor
2026-09-26 06:27:27,160 [INFO] Ajan Orkestratörü: Ajanlar hatalarý gideriyor ve kodu güncelliyor...
2026-09-26 06:27:35,161 [INFO] Ajan Orkestratörü: --- Ýþlemde olan aþama: Faz 1: Swiss Ephemeris & Batý Astrolojisi ---
2026-09-26 06:27:40,162 [INFO] Ajan Orkestratörü: QA Ajaný modül testlerini çalýþtýrýyor (pytest)...
2026-09-26 06:27:40,164 [ERROR] Ajan Orkestratörü: Test çalýþtýrma sýrasýnda kritik hata: [WinError 2] Sistem belirtilen dosyayý bulamýyor
2026-09-26 06:27:40,164 [INFO] Ajan Orkestratörü: Ajanlar hatalarý gideriyor ve kodu güncelliyor...
2026-09-26 06:27:48,165 [INFO] Ajan Orkestratörü: --- Ýþlemde olan aþama: Faz 1: Swiss Ephemeris & Batý Astrolojisi ---
2026-09-26 06:27:53,166 [INFO] Ajan Orkestratörü: QA Ajaný modül testlerini çalýþtýrýyor (pytest)...
2026-09-26 06:27:53,169 [ERROR] Ajan Orkestratörü: Test çalýþtýrma sýrasýnda kritik hata: [WinError 2] Sistem belirtilen dosyayý bulamýyor
2026-09-26 06:27:53,169 [INFO] Ajan Orkestratörü: Ajanlar hatalarý gideriyor ve kodu güncelliyor...
2026-09-26 06:28:01,170 [INFO] Ajan Orkestratörü: --- Ýþlemde olan aþama: Faz 1: Swiss Ephemeris & Batý Astrolojisi ---
2026-09-26 06:28:06,173 [INFO] Ajan Orkestratörü: QA Ajaný modül testlerini çalýþtýrýyor (pytest)...
2026-09-26 06:28:06,176 [ERROR] Ajan Orkestratörü: Test çalýþtýrma sýrasýnda kritik hata: [WinError 2] Sistem belirtilen dosyayý bulamýyor
2026-09-26 06:28:06,176 [INFO] Ajan Orkestratörü: Ajanlar hatalarý gideriyor ve kodu güncelliyor...
2026-09-26 06:28:14,180 [INFO] Ajan Orkestratörü: --- Ýþlemde olan aþama: Faz 1: Swiss Ephemeris & Batý Astrolojisi ---
2026-09-26 06:28:19,184 [INFO] Ajan Orkestratörü: QA Ajaný modül testlerini çalýþtýrýyor (pytest)...
2026-09-26 06:28:19,187 [ERROR] Ajan Orkestratörü: Test çalýþtýrma sýrasýnda kritik hata: [WinError 2] Sistem belirtilen dosyayý bulamýyor
2026-09-26 06:28:19,187 [INFO] Ajan Orkestratörü: Ajanlar hatalarý gideriyor ve kodu güncelliyor...
2026-09-26 06:28:27,188 [INFO] Ajan Orkestratörü: --- Ýþlemde olan aþama: Faz 1: Swiss Ephemeris & Batý Astrolojisi ---
2026-09-26 06:28:32,189 [INFO] Ajan Orkestratörü: QA Ajaný modül testlerini çalýþtýrýyor (pytest)...
2026-09-26 06:28:32,192 [ERROR] Ajan Orkestratörü: Test çalýþtýrma sýrasýnda kritik hata: [WinError 2] Sistem belirtilen dosyayý bulamýyor
2026-09-26 06:28:32,192 [INFO] Ajan Orkestratörü: Ajanlar hatalarý gideriyor ve kodu güncelliyor...
2026-09-26 06:28:40,193 [INFO] Ajan Orkestratörü: --- Ýþlemde olan aþama: Faz 1: Swiss Ephemeris & Batý Astrolojisi ---
2026-09-26 06:28:45,193 [INFO] Ajan Orkestratörü: QA Ajaný modül testlerini çalýþtýrýyor (pytest)...
2026-09-26 06:28:45,196 [ERROR] Ajan Orkestratörü: Test çalýþtýrma sýrasýnda kritik hata: [WinError 2] Sistem belirtilen dosyayý bulamýyor
2026-09-26 06:28:45,196 [INFO] Ajan Orkestratörü: Ajanlar hatalarý gideriyor ve kodu güncelliyor...
2026-09-26 06:28:53,197 [INFO] Ajan Orkestratörü: --- Ýþlemde olan aþama: Faz 1: Swiss Ephemeris & Batý Astrolojisi ---
2026-09-26 06:28:58,198 [INFO] Ajan Orkestratörü: QA Ajaný modül testlerini çalýþtýrýyor (pytest)...
2026-09-26 06:28:58,201 [ERROR] Ajan Orkestratörü: Test çalýþtýrma sýrasýnda kritik hata: [WinError 2] Sistem belirtilen dosyayý bulamýyor
2026-09-26 06:28:58,201 [INFO] Ajan Orkestratörü: Ajanlar hatalarý gideriyor ve kodu güncelliyor...
2026-09-26 06:29:06,202 [INFO] Ajan Orkestratörü: --- Ýþlemde olan aþama: Faz 1: Swiss Ephemeris & Batý Astrolojisi ---
2026-09-26 06:29:11,247 [INFO] Ajan Orkestratörü: QA Ajaný modül testlerini çalýþtýrýyor (pytest)...
2026-09-26 06:29:11,250 [ERROR] Ajan Orkestratörü: Test çalýþtýrma sýrasýnda kritik hata: [WinError 2] Sistem belirtilen dosyayý bulamýyor
2026-09-26 06:29:11,251 [INFO] Ajan Orkestratörü: Ajanlar hatalarý gideriyor ve kodu güncelliyor...
2026-09-26 06:29:19,252 [INFO] Ajan Orkestratörü: --- Ýþlemde olan aþama: Faz 1: Swiss Ephemeris & Batý Astrolojisi ---
2026-09-26 06:29:24,253 [INFO] Ajan Orkestratörü: QA Ajaný modül testlerini çalýþtýrýyor (pytest)...
2026-09-26 06:29:24,256 [ERROR] Ajan Orkestratörü: Test çalýþtýrma sýrasýnda kritik hata: [WinError 2] Sistem belirtilen dosyayý bulamýyor
2026-09-26 06:29:24,256 [INFO] Ajan Orkestratörü: Ajanlar hatalarý gideriyor ve kodu güncelliyor...
2026-09-26 06:29:32,257 [INFO] Ajan Orkestratörü: --- Ýþlemde olan aþama: Faz 1: Swiss Ephemeris & Batý Astrolojisi ---
2026-09-26 06:29:37,258 [INFO] Ajan Orkestratörü: QA Ajaný modül testlerini çalýþtýrýyor (pytest)...
2026-09-26 06:29:37,260 [ERROR] Ajan Orkestratörü: Test çalýþtýrma sýrasýnda kritik hata: [WinError 2] Sistem belirtilen dosyayý bulamýyor
2026-09-26 06:29:37,261 [INFO] Ajan Orkestratörü: Ajanlar hatalarý gideriyor ve kodu güncelliyor...
2026-09-26 06:29:45,261 [INFO] Ajan Orkestratörü: --- Ýþlemde olan aþama: Faz 1: Swiss Ephemeris & Batý Astrolojisi ---
2026-09-26 06:29:50,262 [INFO] Ajan Orkestratörü: QA Ajaný modül testlerini çalýþtýrýyor (pytest)...
2026-09-26 06:29:50,264 [ERROR] Ajan Orkestratörü: Test çalýþtýrma sýrasýnda kritik hata: [WinError 2] Sistem belirtilen dosyayý bulamýyor
2026-09-26 06:29:50,265 [INFO] Ajan Orkestratörü: Ajanlar hatalarý gideriyor ve kodu güncelliyor...
2026-09-26 06:29:58,265 [INFO] Ajan Orkestratörü: --- Ýþlemde olan aþama: Faz 1: Swiss Ephemeris & Batý Astrolojisi ---
2026-09-26 06:30:03,266 [INFO] Ajan Orkestratörü: QA Ajaný modül testlerini çalýþtýrýyor (pytest)...
2026-09-26 06:30:03,268 [ERROR] Ajan Orkestratörü: Test çalýþtýrma sýrasýnda kritik hata: [WinError 2] Sistem belirtilen dosyayý bulamýyor
2026-09-26 06:30:03,268 [INFO] Ajan Orkestratörü: Ajanlar hatalarý gideriyor ve kodu güncelliyor...
2026-09-26 06:30:11,268 [INFO] Ajan Orkestratörü: --- Ýþlemde olan aþama: Faz 1: Swiss Ephemeris & Batý Astrolojisi ---
2026-09-26 06:30:16,270 [INFO] Ajan Orkestratörü: QA Ajaný modül testlerini çalýþtýrýyor (pytest)...
2026-09-26 06:30:16,273 [ERROR] Ajan Orkestratörü: Test çalýþtýrma sýrasýnda kritik hata: [WinError 2] Sistem belirtilen dosyayý bulamýyor
2026-09-26 06:30:16,273 [INFO] Ajan Orkestratörü: Ajanlar hatalarý gideriyor ve kodu güncelliyor...
2026-09-26 06:30:24,273 [INFO] Ajan Orkestratörü: --- Ýþlemde olan aþama: Faz 1: Swiss Ephemeris & Batý Astrolojisi ---
2026-09-26 06:30:29,274 [INFO] Ajan Orkestratörü: QA Ajaný modül testlerini çalýþtýrýyor (pytest)...
2026-09-26 06:30:29,277 [ERROR] Ajan Orkestratörü: Test çalýþtýrma sýrasýnda kritik hata: [WinError 2] Sistem belirtilen dosyayý bulamýyor
2026-09-26 06:30:29,277 [INFO] Ajan Orkestratörü: Ajanlar hatalarý gideriyor ve kodu güncelliyor...
2026-09-26 06:30:37,278 [INFO] Ajan Orkestratörü: --- Ýþlemde olan aþama: Faz 1: Swiss Ephemeris & Batý Astrolojisi ---
2026-09-26 06:30:42,278 [INFO] Ajan Orkestratörü: QA Ajaný modül testlerini çalýþtýrýyor (pytest)...
2026-09-26 06:30:42,281 [ERROR] Ajan Orkestratörü: Test çalýþtýrma sýrasýnda kritik hata: [WinError 2] Sistem belirtilen dosyayý bulamýyor
2026-09-26 06:30:42,281 [INFO] Ajan Orkestratörü: Ajanlar hatalarý gideriyor ve kodu güncelliyor...
2026-09-26 06:30:50,282 [INFO] Ajan Orkestratörü: --- Ýþlemde olan aþama: Faz 1: Swiss Ephemeris & Batý Astrolojisi ---
2026-09-26 06:30:55,283 [INFO] Ajan Orkestratörü: QA Ajaný modül testlerini çalýþtýrýyor (pytest)...
2026-09-26 06:30:55,285 [ERROR] Ajan Orkestratörü: Test çalýþtýrma sýrasýnda kritik hata: [WinError 2] Sistem belirtilen dosyayý bulamýyor
2026-09-26 06:30:55,286 [INFO] Ajan Orkestratörü: Ajanlar hatalarý gideriyor ve kodu güncelliyor...
2026-09-26 06:31:03,286 [INFO] Ajan Orkestratörü: --- Ýþlemde olan aþama: Faz 1: Swiss Ephemeris & Batý Astrolojisi ---
2026-09-26 06:31:08,288 [INFO] Ajan Orkestratörü: QA Ajaný modül testlerini çalýþtýrýyor (pytest)...
2026-09-26 06:31:08,292 [ERROR] Ajan Orkestratörü: Test çalýþtýrma sýrasýnda kritik hata: [WinError 2] Sistem belirtilen dosyayý bulamýyor
2026-09-26 06:31:08,292 [INFO] Ajan Orkestratörü: Ajanlar hatalarý gideriyor ve kodu güncelliyor...
2026-09-26 06:31:16,293 [INFO] Ajan Orkestratörü: --- Ýþlemde olan aþama: Faz 1: Swiss Ephemeris & Batý Astrolojisi ---
2026-09-26 06:31:21,294 [INFO] Ajan Orkestratörü: QA Ajaný modül testlerini çalýþtýrýyor (pytest)...
2026-09-26 06:31:21,296 [ERROR] Ajan Orkestratörü: Test çalýþtýrma sýrasýnda kritik hata: [WinError 2] Sistem belirtilen dosyayý bulamýyor
2026-09-26 06:31:21,297 [INFO] Ajan Orkestratörü: Ajanlar hatalarý gideriyor ve kodu güncelliyor...
2026-09-26 06:31:29,297 [INFO] Ajan Orkestratörü: --- Ýþlemde olan aþama: Faz 1: Swiss Ephemeris & Batý Astrolojisi ---
2026-09-26 06:31:34,298 [INFO] Ajan Orkestratörü: QA Ajaný modül testlerini çalýþtýrýyor (pytest)...
2026-09-26 06:31:34,300 [ERROR] Ajan Orkestratörü: Test çalýþtýrma sýrasýnda kritik hata: [WinError 2] Sistem belirtilen dosyayý bulamýyor
2026-09-26 06:31:34,300 [INFO] Ajan Orkestratörü: Ajanlar hatalarý gideriyor ve kodu güncelliyor...
2026-09-26 06:31:42,301 [INFO] Ajan Orkestratörü: --- Ýþlemde olan aþama: Faz 1: Swiss Ephemeris & Batý Astrolojisi ---
2026-09-26 06:31:47,302 [INFO] Ajan Orkestratörü: QA Ajaný modül testlerini çalýþtýrýyor (pytest)...
2026-09-26 06:31:47,306 [ERROR] Ajan Orkestratörü: Test çalýþtýrma sýrasýnda kritik hata: [WinError 2] Sistem belirtilen dosyayý bulamýyor
2026-09-26 06:31:47,307 [INFO] Ajan Orkestratörü: Ajanlar hatalarý gideriyor ve kodu güncelliyor...
2026-09-26 06:31:55,309 [INFO] Ajan Orkestratörü: --- Ýþlemde olan aþama: Faz 1: Swiss Ephemeris & Batý Astrolojisi ---
2026-09-26 06:32:03,179 [INFO] Ajan Orkestratörü: AstroEngine Sýralý Otonom Geliþtirme Hattý (Pipeline) Baþlatýldý...
2026-09-26 06:32:03,180 [INFO] Ajan Orkestratörü: --- Ýþlemde olan aþama: Faz 1: Swiss Ephemeris & Batý Astrolojisi ---
2026-09-26 06:32:08,181 [INFO] Ajan Orkestratörü: QA Ajaný modül testlerini çalýþtýrýyor (pytest)...
2026-09-26 06:32:08,255 [WARNING] Ajan Orkestratörü: Hata tespit edildi. Self-Healing mekanizmasý devreye giriyor...
2026-09-26 06:32:08,256 [ERROR] Ajan Orkestratörü: C:\Users\serca\AppData\Local\Python\pythoncore-3.14-64\python.exe: No module named pytest

2026-09-26 06:32:08,256 [INFO] Ajan Orkestratörü: Ajanlar hatalarý gideriyor ve kodu güncelliyor...
2026-09-26 06:32:16,257 [INFO] Ajan Orkestratörü: --- Ýþlemde olan aþama: Faz 1: Swiss Ephemeris & Batý Astrolojisi ---
2026-09-26 06:32:21,258 [INFO] Ajan Orkestratörü: QA Ajaný modül testlerini çalýþtýrýyor (pytest)...
2026-09-26 06:32:21,330 [WARNING] Ajan Orkestratörü: Hata tespit edildi. Self-Healing mekanizmasý devreye giriyor...
2026-09-26 06:32:21,330 [ERROR] Ajan Orkestratörü: C:\Users\serca\AppData\Local\Python\pythoncore-3.14-64\python.exe: No module named pytest

2026-09-26 06:32:21,331 [INFO] Ajan Orkestratörü: Ajanlar hatalarý gideriyor ve kodu güncelliyor...
2026-09-26 06:32:29,331 [INFO] Ajan Orkestratörü: --- Ýþlemde olan aþama: Faz 1: Swiss Ephemeris & Batý Astrolojisi ---
2026-09-26 06:32:34,333 [INFO] Ajan Orkestratörü: QA Ajaný modül testlerini çalýþtýrýyor (pytest)...
2026-09-26 06:32:34,480 [WARNING] Ajan Orkestratörü: Hata tespit edildi. Self-Healing mekanizmasý devreye giriyor...
2026-09-26 06:32:34,485 [ERROR] Ajan Orkestratörü: C:\Users\serca\AppData\Local\Python\pythoncore-3.14-64\python.exe: No module named pytest

2026-09-26 06:32:34,487 [INFO] Ajan Orkestratörü: Ajanlar hatalarý gideriyor ve kodu güncelliyor...
2026-09-26 06:32:42,488 [INFO] Ajan Orkestratörü: --- Ýþlemde olan aþama: Faz 1: Swiss Ephemeris & Batý Astrolojisi ---
2026-09-26 06:32:47,489 [INFO] Ajan Orkestratörü: QA Ajaný modül testlerini çalýþtýrýyor (pytest)...
2026-09-26 06:32:47,562 [WARNING] Ajan Orkestratörü: Hata tespit edildi. Self-Healing mekanizmasý devreye giriyor...
2026-09-26 06:32:47,563 [ERROR] Ajan Orkestratörü: C:\Users\serca\AppData\Local\Python\pythoncore-3.14-64\python.exe: No module named pytest

2026-09-26 06:32:47,563 [INFO] Ajan Orkestratörü: Ajanlar hatalarý gideriyor ve kodu güncelliyor...
2026-09-26 06:32:55,563 [INFO] Ajan Orkestratörü: --- Ýþlemde olan aþama: Faz 1: Swiss Ephemeris & Batý Astrolojisi ---
2026-09-26 06:33:00,564 [INFO] Ajan Orkestratörü: QA Ajaný modül testlerini çalýþtýrýyor (pytest)...
2026-09-26 06:33:00,629 [WARNING] Ajan Orkestratörü: Hata tespit edildi. Self-Healing mekanizmasý devreye giriyor...
2026-09-26 06:33:00,629 [ERROR] Ajan Orkestratörü: C:\Users\serca\AppData\Local\Python\pythoncore-3.14-64\python.exe: No module named pytest

2026-09-26 06:33:00,629 [INFO] Ajan Orkestratörü: Ajanlar hatalarý gideriyor ve kodu güncelliyor...
2026-09-26 06:33:08,630 [INFO] Ajan Orkestratörü: --- Ýþlemde olan aþama: Faz 1: Swiss Ephemeris & Batý Astrolojisi ---
2026-09-26 06:33:13,631 [INFO] Ajan Orkestratörü: QA Ajaný modül testlerini çalýþtýrýyor (pytest)...
2026-09-26 06:33:13,699 [WARNING] Ajan Orkestratörü: Hata tespit edildi. Self-Healing mekanizmasý devreye giriyor...
2026-09-26 06:33:13,699 [ERROR] Ajan Orkestratörü: C:\Users\serca\AppData\Local\Python\pythoncore-3.14-64\python.exe: No module named pytest

2026-09-26 06:33:13,699 [INFO] Ajan Orkestratörü: Ajanlar hatalarý gideriyor ve kodu güncelliyor...
2026-09-26 06:33:21,700 [INFO] Ajan Orkestratörü: --- Ýþlemde olan aþama: Faz 1: Swiss Ephemeris & Batý Astrolojisi ---
2026-09-26 06:33:26,701 [INFO] Ajan Orkestratörü: QA Ajaný modül testlerini çalýþtýrýyor (pytest)...
2026-09-26 06:33:26,770 [WARNING] Ajan Orkestratörü: Hata tespit edildi. Self-Healing mekanizmasý devreye giriyor...
2026-09-26 06:33:26,771 [ERROR] Ajan Orkestratörü: C:\Users\serca\AppData\Local\Python\pythoncore-3.14-64\python.exe: No module named pytest

2026-09-26 06:33:26,771 [INFO] Ajan Orkestratörü: Ajanlar hatalarý gideriyor ve kodu güncelliyor...
2026-09-26 06:33:34,772 [INFO] Ajan Orkestratörü: --- Ýþlemde olan aþama: Faz 1: Swiss Ephemeris & Batý Astrolojisi ---
2026-09-26 06:33:39,773 [INFO] Ajan Orkestratörü: QA Ajaný modül testlerini çalýþtýrýyor (pytest)...
2026-09-26 06:33:39,911 [WARNING] Ajan Orkestratörü: Hata tespit edildi. Self-Healing mekanizmasý devreye giriyor...
2026-09-26 06:33:39,913 [ERROR] Ajan Orkestratörü: C:\Users\serca\AppData\Local\Python\pythoncore-3.14-64\python.exe: No module named pytest

2026-09-26 06:33:39,915 [INFO] Ajan Orkestratörü: Ajanlar hatalarý gideriyor ve kodu güncelliyor...
2026-09-26 06:33:47,915 [INFO] Ajan Orkestratörü: --- Ýþlemde olan aþama: Faz 1: Swiss Ephemeris & Batý Astrolojisi ---
2026-09-26 06:33:52,916 [INFO] Ajan Orkestratörü: QA Ajaný modül testlerini çalýþtýrýyor (pytest)...
2026-09-26 06:33:52,984 [WARNING] Ajan Orkestratörü: Hata tespit edildi. Self-Healing mekanizmasý devreye giriyor...
2026-09-26 06:33:52,985 [ERROR] Ajan Orkestratörü: C:\Users\serca\AppData\Local\Python\pythoncore-3.14-64\python.exe: No module named pytest

2026-09-26 06:33:52,985 [INFO] Ajan Orkestratörü: Ajanlar hatalarý gideriyor ve kodu güncelliyor...
2026-09-26 06:34:00,985 [INFO] Ajan Orkestratörü: --- Ýþlemde olan aþama: Faz 1: Swiss Ephemeris & Batý Astrolojisi ---
2026-09-26 06:34:05,986 [INFO] Ajan Orkestratörü: QA Ajaný modül testlerini çalýþtýrýyor (pytest)...
2026-09-26 06:34:06,061 [WARNING] Ajan Orkestratörü: Hata tespit edildi. Self-Healing mekanizmasý devreye giriyor...
2026-09-26 06:34:06,061 [ERROR] Ajan Orkestratörü: C:\Users\serca\AppData\Local\Python\pythoncore-3.14-64\python.exe: No module named pytest

2026-09-26 06:34:06,061 [INFO] Ajan Orkestratörü: Ajanlar hatalarý gideriyor ve kodu güncelliyor...
2026-09-26 06:34:14,062 [INFO] Ajan Orkestratörü: --- Ýþlemde olan aþama: Faz 1: Swiss Ephemeris & Batý Astrolojisi ---
2026-09-26 06:34:19,063 [INFO] Ajan Orkestratörü: QA Ajaný modül testlerini çalýþtýrýyor (pytest)...
2026-09-26 06:34:19,119 [WARNING] Ajan Orkestratörü: Hata tespit edildi. Self-Healing mekanizmasý devreye giriyor...
2026-09-26 06:34:19,120 [ERROR] Ajan Orkestratörü: C:\Users\serca\AppData\Local\Python\pythoncore-3.14-64\python.exe: No module named pytest

2026-09-26 06:34:19,120 [INFO] Ajan Orkestratörü: Ajanlar hatalarý gideriyor ve kodu güncelliyor...
2026-09-26 06:34:27,120 [INFO] Ajan Orkestratörü: --- Ýþlemde olan aþama: Faz 1: Swiss Ephemeris & Batý Astrolojisi ---
2026-09-26 06:34:35,668 [INFO] Ajan Orkestratörü: AstroEngine Sýralý Otonom Geliþtirme Hattý (Pipeline) Baþlatýldý...
2026-09-26 06:34:35,669 [INFO] Ajan Orkestratörü: --- Ýþlemde olan aþama: Faz 1: Swiss Ephemeris & Batý Astrolojisi ---
2026-09-26 06:34:40,670 [INFO] Ajan Orkestratörü: QA Ajaný modül testlerini çalýþtýrýyor (pytest)...
2026-09-26 06:34:46,430 [INFO] Ajan Orkestratörü: Testler baþarýyla geçti! Sýradaki faza geçiliyor.
2026-09-26 06:34:46,430 [INFO] Ajan Orkestratörü: Faz 1: Swiss Ephemeris & Batý Astrolojisi baþarýyla tamamlandý.
2026-09-26 06:34:46,431 [INFO] Ajan Orkestratörü: --- Ýþlemde olan aþama: Faz 2: Vedik, Çin ve Ebced Modülleri ---
2026-09-26 06:34:51,432 [INFO] Ajan Orkestratörü: QA Ajaný modül testlerini çalýþtýrýyor (pytest)...
2026-09-26 06:34:54,933 [INFO] Ajan Orkestratörü: Testler baþarýyla geçti! Sýradaki faza geçiliyor.
2026-09-26 06:34:54,933 [INFO] Ajan Orkestratörü: Faz 2: Vedik, Çin ve Ebced Modülleri baþarýyla tamamlandý.
2026-09-26 06:34:54,934 [INFO] Ajan Orkestratörü: --- Ýþlemde olan aþama: Faz 3: FastAPI Servis Katmaný ---
2026-09-26 06:34:59,935 [INFO] Ajan Orkestratörü: QA Ajaný modül testlerini çalýþtýrýyor (pytest)...
2026-09-26 06:35:03,376 [INFO] Ajan Orkestratörü: Testler baþarýyla geçti! Sýradaki faza geçiliyor.
2026-09-26 06:35:03,376 [INFO] Ajan Orkestratörü: Faz 3: FastAPI Servis Katmaný baþarýyla tamamlandý.
2026-09-26 06:35:03,377 [INFO] Ajan Orkestratörü: --- Ýþlemde olan aþama: Faz 4: Next.js Frontend Arayüzü ---
2026-09-26 06:35:08,377 [INFO] Ajan Orkestratörü: QA Ajaný modül testlerini çalýþtýrýyor (pytest)...
2026-09-26 06:35:11,863 [INFO] Ajan Orkestratörü: Testler baþarýyla geçti! Sýradaki faza geçiliyor.
2026-09-26 06:35:11,863 [INFO] Ajan Orkestratörü: Faz 4: Next.js Frontend Arayüzü baþarýyla tamamlandý.
2026-09-26 06:35:11,864 [INFO] Ajan Orkestratörü: --- Ýþlemde olan aþama: Faz 5: Sistem Entegrasyonu ve Kararlýlýk Testi ---
2026-09-26 06:35:16,866 [INFO] Ajan Orkestratörü: QA Ajaný modül testlerini çalýþtýrýyor (pytest)...
2026-09-26 06:35:21,028 [INFO] Ajan Orkestratörü: Testler baþarýyla geçti! Sýradaki faza geçiliyor.
2026-09-26 06:35:21,029 [INFO] Ajan Orkestratörü: Faz 5: Sistem Entegrasyonu ve Kararlýlýk Testi baþarýyla tamamlandý.
2026-09-26 06:35:21,029 [INFO] Ajan Orkestratörü: Tüm fazlar baþarýyla tamamlandý! AstroEngine tam kapasite çalýþýyor.
2026-09-26 06:38:43,699 [INFO] AstroEngine Master Orkestratör: --- Modül Aktifleþtiriliyor: Faz 1: Swiss Ephemeris & Batý Astrolojisi Motoru ---
2026-09-26 06:38:46,700 [INFO] AstroEngine Master Orkestratör: Faz 1: Swiss Ephemeris & Batý Astrolojisi Motoru modülü tetikleniyor ve sistem kararlýlýðý test ediliyor...
2026-09-26 06:38:50,782 [INFO] AstroEngine Master Orkestratör: Faz 1: Swiss Ephemeris & Batý Astrolojisi Motoru baþarýyla aktifleþti ve hazýr.
2026-09-26 06:38:50,782 [INFO] AstroEngine Master Orkestratör: --- Modül Aktifleþtiriliyor: Faz 2: Vedik, Çin (BaZi) ve Ezoterik Ebced Aðý ---
2026-09-26 06:38:53,783 [INFO] AstroEngine Master Orkestratör: Faz 2: Vedik, Çin (BaZi) ve Ezoterik Ebced Aðý modülü tetikleniyor ve sistem kararlýlýðý test ediliyor...
2026-09-26 06:38:57,533 [INFO] AstroEngine Master Orkestratör: Faz 2: Vedik, Çin (BaZi) ve Ezoterik Ebced Aðý baþarýyla aktifleþti ve hazýr.
2026-09-26 06:38:57,533 [INFO] AstroEngine Master Orkestratör: --- Modül Aktifleþtiriliyor: Faz 3: FastAPI Backend & Mikroservis Katmaný ---
2026-09-26 06:39:00,534 [INFO] AstroEngine Master Orkestratör: Faz 3: FastAPI Backend & Mikroservis Katmaný modülü tetikleniyor ve sistem kararlýlýðý test ediliyor...
2026-09-26 06:39:04,083 [INFO] AstroEngine Master Orkestratör: Faz 3: FastAPI Backend & Mikroservis Katmaný baþarýyla aktifleþti ve hazýr.
2026-09-26 06:39:04,084 [INFO] AstroEngine Master Orkestratör: --- Modül Aktifleþtiriliyor: Faz 4: Next.js UI/UX & Modern Arayüz Sistemleri ---
2026-09-26 06:39:07,084 [INFO] AstroEngine Master Orkestratör: Faz 4: Next.js UI/UX & Modern Arayüz Sistemleri modülü tetikleniyor ve sistem kararlýlýðý test ediliyor...
2026-09-26 06:39:11,716 [INFO] AstroEngine Master Orkestratör: Faz 4: Next.js UI/UX & Modern Arayüz Sistemleri baþarýyla aktifleþti ve hazýr.
2026-09-26 06:39:11,716 [INFO] AstroEngine Master Orkestratör: --- Modül Aktifleþtiriliyor: Faz 5: Skyview & Otomatik Video Fabrikasý (FFmpeg MP4 Üretimi) ---
2026-09-26 06:39:14,717 [INFO] AstroEngine Master Orkestratör: Faz 5: Skyview & Otomatik Video Fabrikasý (FFmpeg MP4 Üretimi) modülü tetikleniyor ve sistem kararlýlýðý test ediliyor...
2026-09-26 06:39:18,424 [INFO] AstroEngine Master Orkestratör: Faz 5: Skyview & Otomatik Video Fabrikasý (FFmpeg MP4 Üretimi) baþarýyla aktifleþti ve hazýr.
2026-09-26 06:39:18,424 [INFO] AstroEngine Master Orkestratör: --- Modül Aktifleþtiriliyor: Faz 6: Ticari Entegrasyon & Otonom PDF Raporlama (Etsy/Vitrin Köprüsü) ---
2026-09-26 06:39:21,425 [INFO] AstroEngine Master Orkestratör: Faz 6: Ticari Entegrasyon & Otonom PDF Raporlama (Etsy/Vitrin Köprüsü) modülü tetikleniyor ve sistem kararlýlýðý test ediliyor...
2026-09-26 06:39:24,980 [INFO] AstroEngine Master Orkestratör: Faz 6: Ticari Entegrasyon & Otonom PDF Raporlama (Etsy/Vitrin Köprüsü) baþarýyla aktifleþti ve hazýr.
2026-09-26 06:39:24,980 [INFO] AstroEngine Master Orkestratör: --- Modül Aktifleþtiriliyor: Faz 7: SEO, Algoritmik Büyüme & Thumbnail Optimizasyon Aðý ---
2026-09-26 06:39:27,981 [INFO] AstroEngine Master Orkestratör: Faz 7: SEO, Algoritmik Büyüme & Thumbnail Optimizasyon Aðý modülü tetikleniyor ve sistem kararlýlýðý test ediliyor...
2026-09-26 06:39:31,660 [INFO] AstroEngine Master Orkestratör: Faz 7: SEO, Algoritmik Büyüme & Thumbnail Optimizasyon Aðý baþarýyla aktifleþti ve hazýr.
2026-09-26 06:39:31,660 [INFO] AstroEngine Master Orkestratör: --- Modül Aktifleþtiriliyor: Faz 8: Governance, Rate-Limiting ve Bütçe Güvenlik Katmaný ('Kontrolsüz güç, güç deðildir') ---
2026-09-26 06:39:34,661 [INFO] AstroEngine Master Orkestratör: Faz 8: Governance, Rate-Limiting ve Bütçe Güvenlik Katmaný ('Kontrolsüz güç, güç deðildir') modülü tetikleniyor ve sistem kararlýlýðý test ediliyor...
2026-09-26 06:39:38,386 [INFO] AstroEngine Master Orkestratör: Faz 8: Governance, Rate-Limiting ve Bütçe Güvenlik Katmaný ('Kontrolsüz güç, güç deðildir') baþarýyla aktifleþti ve hazýr.
2026-09-26 06:39:38,390 [INFO] AstroEngine Master Orkestratör: Sistem arka planda kehanet üretmeye, video render almaya ve daðýtma döngüsüne girmiþtir.
